[68368:44828:0814/141545.304:WARNING:chrome_main_delegate.cc(745)] This is Chrome version 128.0.6613.138 (not a warning)
[68368:48856:0814/141545.349:ERROR:google_update_settings.cc(265)] Failed opening key Software\Chromium to set usagestats; result: 5
[68368:44828:0814/141545.358:WARNING:account_consistency_mode_manager.cc(77)] Desktop Identity Consistency cannot be enabled as no OAuth client ID and client secret have been configured.
[66132:45180:0814/141545.487:ERROR:angle_platform_impl.cc(44)] vk_renderer.cpp:180 (rx::vk::(anonymous namespace)::VerifyExtensionsPresent): Extension not supported: VK_KHR_surface
[66132:45180:0814/141545.487:ERROR:angle_platform_impl.cc(44)] vk_renderer.cpp:180 (rx::vk::(anonymous namespace)::VerifyExtensionsPresent): Extension not supported: VK_KHR_win32_surface
[66132:45180:0814/141545.487:ERROR:angle_platform_impl.cc(44)] Display.cpp:1083 (egl::Display::initialize): ANGLE Display::initialize error 0: Internal Vulkan error (-7): A requested extension is not supported, in ..\..\third_party\angle\src\libANGLE\renderer\vulkan\vk_renderer.cpp, rx::vk::Renderer::enableInstanceExtensions:1780.
[66132:45180:0814/141545.487:ERROR:gl_display.cc(497)] EGL Driver message (Critical) eglInitialize: Internal Vulkan error (-7): A requested extension is not supported, in ..\..\third_party\angle\src\libANGLE\renderer\vulkan\vk_renderer.cpp, rx::vk::Renderer::enableInstanceExtensions:1780.
[66132:45180:0814/141545.487:ERROR:gl_display.cc(767)] eglInitialize SwANGLE failed with error EGL_NOT_INITIALIZED
[66132:45180:0814/141545.487:ERROR:gl_display.cc(801)] Initialization of all EGL display types failed.
[66132:45180:0814/141545.487:ERROR:gl_initializer_win.cc(135)] GLDisplayEGL::Initialize failed.
[66132:45180:0814/141545.500:ERROR:angle_platform_impl.cc(44)] vk_renderer.cpp:180 (rx::vk::(anonymous namespace)::VerifyExtensionsPresent): Extension not supported: VK_KHR_surface
[66132:45180:0814/141545.500:ERROR:angle_platform_impl.cc(44)] vk_renderer.cpp:180 (rx::vk::(anonymous namespace)::VerifyExtensionsPresent): Extension not supported: VK_KHR_win32_surface
[66132:45180:0814/141545.500:ERROR:angle_platform_impl.cc(44)] Display.cpp:1083 (egl::Display::initialize): ANGLE Display::initialize error 0: Internal Vulkan error (-7): A requested extension is not supported, in ..\..\third_party\angle\src\libANGLE\renderer\vulkan\vk_renderer.cpp, rx::vk::Renderer::enableInstanceExtensions:1780.
[66132:45180:0814/141545.500:ERROR:gl_display.cc(497)] EGL Driver message (Critical) eglInitialize: Internal Vulkan error (-7): A requested extension is not supported, in ..\..\third_party\angle\src\libANGLE\renderer\vulkan\vk_renderer.cpp, rx::vk::Renderer::enableInstanceExtensions:1780.
[66132:45180:0814/141545.500:ERROR:gl_display.cc(767)] eglInitialize SwANGLE failed with error EGL_NOT_INITIALIZED
[66132:45180:0814/141545.500:ERROR:gl_display.cc(801)] Initialization of all EGL display types failed.
[66132:45180:0814/141545.500:ERROR:gl_initializer_win.cc(135)] GLDisplayEGL::Initialize failed.
[66132:45180:0814/141545.501:ERROR:viz_main_impl.cc(166)] Exiting GPU process due to errors during initialization
[46504:47944:0814/141548.369:ERROR:angle_platform_impl.cc(44)] vk_renderer.cpp:180 (rx::vk::(anonymous namespace)::VerifyExtensionsPresent): Extension not supported: VK_KHR_surface
[46504:47944:0814/141548.369:ERROR:angle_platform_impl.cc(44)] vk_renderer.cpp:180 (rx::vk::(anonymous namespace)::VerifyExtensionsPresent): Extension not supported: VK_KHR_win32_surface
[46504:47944:0814/141548.369:ERROR:angle_platform_impl.cc(44)] Display.cpp:1083 (egl::Display::initialize): ANGLE Display::initialize error 0: Internal Vulkan error (-7): A requested extension is not supported, in ..\..\third_party\angle\src\libANGLE\renderer\vulkan\vk_renderer.cpp, rx::vk::Renderer::enableInstanceExtensions:1780.
[46504:47944:0814/141548.369:ERROR:gl_display.cc(497)] EGL Driver message (Critical) eglInitialize: Internal Vulkan error (-7): A requested extension is not supported, in ..\..\third_party\angle\src\libANGLE\renderer\vulkan\vk_renderer.cpp, rx::vk::Renderer::enableInstanceExtensions:1780.
[46504:47944:0814/141548.369:ERROR:gl_display.cc(767)] eglInitialize SwANGLE failed with error EGL_NOT_INITIALIZED
[46504:47944:0814/141548.369:ERROR:gl_display.cc(801)] Initialization of all EGL display types failed.
[46504:47944:0814/141548.369:ERROR:gl_initializer_win.cc(135)] GLDisplayEGL::Initialize failed.
[46504:47944:0814/141548.386:ERROR:angle_platform_impl.cc(44)] vk_renderer.cpp:180 (rx::vk::(anonymous namespace)::VerifyExtensionsPresent): Extension not supported: VK_KHR_surface
[46504:47944:0814/141548.386:ERROR:angle_platform_impl.cc(44)] vk_renderer.cpp:180 (rx::vk::(anonymous namespace)::VerifyExtensionsPresent): Extension not supported: VK_KHR_win32_surface
[46504:47944:0814/141548.387:ERROR:angle_platform_impl.cc(44)] Display.cpp:1083 (egl::Display::initialize): ANGLE Display::initialize error 0: Internal Vulkan error (-7): A requested extension is not supported, in ..\..\third_party\angle\src\libANGLE\renderer\vulkan\vk_renderer.cpp, rx::vk::Renderer::enableInstanceExtensions:1780.
[46504:47944:0814/141548.387:ERROR:gl_display.cc(497)] EGL Driver message (Critical) eglInitialize: Internal Vulkan error (-7): A requested extension is not supported, in ..\..\third_party\angle\src\libANGLE\renderer\vulkan\vk_renderer.cpp, rx::vk::Renderer::enableInstanceExtensions:1780.
[46504:47944:0814/141548.387:ERROR:gl_display.cc(767)] eglInitialize SwANGLE failed with error EGL_NOT_INITIALIZED
[46504:47944:0814/141548.387:ERROR:gl_display.cc(801)] Initialization of all EGL display types failed.
[46504:47944:0814/141548.387:ERROR:gl_initializer_win.cc(135)] GLDisplayEGL::Initialize failed.
[46504:47944:0814/141548.388:ERROR:viz_main_impl.cc(166)] Exiting GPU process due to errors during initialization
[3424:45596:0814/141548.891:ERROR:angle_platform_impl.cc(44)] vk_renderer.cpp:180 (rx::vk::(anonymous namespace)::VerifyExtensionsPresent): Extension not supported: VK_KHR_surface
[3424:45596:0814/141548.891:ERROR:angle_platform_impl.cc(44)] vk_renderer.cpp:180 (rx::vk::(anonymous namespace)::VerifyExtensionsPresent): Extension not supported: VK_KHR_win32_surface
[3424:45596:0814/141548.891:ERROR:angle_platform_impl.cc(44)] Display.cpp:1083 (egl::Display::initialize): ANGLE Display::initialize error 0: Internal Vulkan error (-7): A requested extension is not supported, in ..\..\third_party\angle\src\libANGLE\renderer\vulkan\vk_renderer.cpp, rx::vk::Renderer::enableInstanceExtensions:1780.
[3424:45596:0814/141548.891:ERROR:gl_display.cc(497)] EGL Driver message (Critical) eglInitialize: Internal Vulkan error (-7): A requested extension is not supported, in ..\..\third_party\angle\src\libANGLE\renderer\vulkan\vk_renderer.cpp, rx::vk::Renderer::enableInstanceExtensions:1780.
[3424:45596:0814/141548.891:ERROR:gl_display.cc(767)] eglInitialize SwANGLE failed with error EGL_NOT_INITIALIZED
[3424:45596:0814/141548.891:ERROR:gl_display.cc(801)] Initialization of all EGL display types failed.
[3424:45596:0814/141548.891:ERROR:gl_initializer_win.cc(135)] GLDisplayEGL::Initialize failed.
[3424:45596:0814/141548.906:ERROR:angle_platform_impl.cc(44)] vk_renderer.cpp:180 (rx::vk::(anonymous namespace)::VerifyExtensionsPresent): Extension not supported: VK_KHR_surface
[3424:45596:0814/141548.906:ERROR:angle_platform_impl.cc(44)] vk_renderer.cpp:180 (rx::vk::(anonymous namespace)::VerifyExtensionsPresent): Extension not supported: VK_KHR_win32_surface
[3424:45596:0814/141548.906:ERROR:angle_platform_impl.cc(44)] Display.cpp:1083 (egl::Display::initialize): ANGLE Display::initialize error 0: Internal Vulkan error (-7): A requested extension is not supported, in ..\..\third_party\angle\src\libANGLE\renderer\vulkan\vk_renderer.cpp, rx::vk::Renderer::enableInstanceExtensions:1780.
[3424:45596:0814/141548.906:ERROR:gl_display.cc(497)] EGL Driver message (Critical) eglInitialize: Internal Vulkan error (-7): A requested extension is not supported, in ..\..\third_party\angle\src\libANGLE\renderer\vulkan\vk_renderer.cpp, rx::vk::Renderer::enableInstanceExtensions:1780.
[3424:45596:0814/141548.906:ERROR:gl_display.cc(767)] eglInitialize SwANGLE failed with error EGL_NOT_INITIALIZED
[3424:45596:0814/141548.906:ERROR:gl_display.cc(801)] Initialization of all EGL display types failed.
[3424:45596:0814/141548.906:ERROR:gl_initializer_win.cc(135)] GLDisplayEGL::Initialize failed.
[3424:45596:0814/141548.908:ERROR:viz_main_impl.cc(166)] Exiting GPU process due to errors during initialization
[67848:23836:0814/141549.280:ERROR:angle_platform_impl.cc(44)] vk_renderer.cpp:180 (rx::vk::(anonymous namespace)::VerifyExtensionsPresent): Extension not supported: VK_KHR_surface
[67848:23836:0814/141549.280:ERROR:angle_platform_impl.cc(44)] vk_renderer.cpp:180 (rx::vk::(anonymous namespace)::VerifyExtensionsPresent): Extension not supported: VK_KHR_win32_surface
[67848:23836:0814/141549.280:ERROR:angle_platform_impl.cc(44)] Display.cpp:1083 (egl::Display::initialize): ANGLE Display::initialize error 0: Internal Vulkan error (-7): A requested extension is not supported, in ..\..\third_party\angle\src\libANGLE\renderer\vulkan\vk_renderer.cpp, rx::vk::Renderer::enableInstanceExtensions:1780.
[67848:23836:0814/141549.280:ERROR:gl_display.cc(497)] EGL Driver message (Critical) eglInitialize: Internal Vulkan error (-7): A requested extension is not supported, in ..\..\third_party\angle\src\libANGLE\renderer\vulkan\vk_renderer.cpp, rx::vk::Renderer::enableInstanceExtensions:1780.
[67848:23836:0814/141549.280:ERROR:gl_display.cc(767)] eglInitialize SwANGLE failed with error EGL_NOT_INITIALIZED
[67848:23836:0814/141549.280:ERROR:gl_display.cc(801)] Initialization of all EGL display types failed.
[67848:23836:0814/141549.280:ERROR:gl_initializer_win.cc(135)] GLDisplayEGL::Initialize failed.
[67848:23836:0814/141549.295:ERROR:angle_platform_impl.cc(44)] vk_renderer.cpp:180 (rx::vk::(anonymous namespace)::VerifyExtensionsPresent): Extension not supported: VK_KHR_surface
[67848:23836:0814/141549.295:ERROR:angle_platform_impl.cc(44)] vk_renderer.cpp:180 (rx::vk::(anonymous namespace)::VerifyExtensionsPresent): Extension not supported: VK_KHR_win32_surface
[67848:23836:0814/141549.296:ERROR:angle_platform_impl.cc(44)] Display.cpp:1083 (egl::Display::initialize): ANGLE Display::initialize error 0: Internal Vulkan error (-7): A requested extension is not supported, in ..\..\third_party\angle\src\libANGLE\renderer\vulkan\vk_renderer.cpp, rx::vk::Renderer::enableInstanceExtensions:1780.
[67848:23836:0814/141549.296:ERROR:gl_display.cc(497)] EGL Driver message (Critical) eglInitialize: Internal Vulkan error (-7): A requested extension is not supported, in ..\..\third_party\angle\src\libANGLE\renderer\vulkan\vk_renderer.cpp, rx::vk::Renderer::enableInstanceExtensions:1780.
[67848:23836:0814/141549.296:ERROR:gl_display.cc(767)] eglInitialize SwANGLE failed with error EGL_NOT_INITIALIZED
[67848:23836:0814/141549.296:ERROR:gl_display.cc(801)] Initialization of all EGL display types failed.
[67848:23836:0814/141549.296:ERROR:gl_initializer_win.cc(135)] GLDisplayEGL::Initialize failed.
[67848:23836:0814/141549.296:ERROR:viz_main_impl.cc(166)] Exiting GPU process due to errors during initialization
[68012:35264:0814/141549.504:ERROR:angle_platform_impl.cc(44)] vk_renderer.cpp:180 (rx::vk::(anonymous namespace)::VerifyExtensionsPresent): Extension not supported: VK_KHR_surface
[68012:35264:0814/141549.504:ERROR:angle_platform_impl.cc(44)] vk_renderer.cpp:180 (rx::vk::(anonymous namespace)::VerifyExtensionsPresent): Extension not supported: VK_KHR_win32_surface
[68012:35264:0814/141549.504:ERROR:angle_platform_impl.cc(44)] Display.cpp:1083 (egl::Display::initialize): ANGLE Display::initialize error 0: Internal Vulkan error (-7): A requested extension is not supported, in ..\..\third_party\angle\src\libANGLE\renderer\vulkan\vk_renderer.cpp, rx::vk::Renderer::enableInstanceExtensions:1780.
[68012:35264:0814/141549.504:ERROR:gl_display.cc(497)] EGL Driver message (Critical) eglInitialize: Internal Vulkan error (-7): A requested extension is not supported, in ..\..\third_party\angle\src\libANGLE\renderer\vulkan\vk_renderer.cpp, rx::vk::Renderer::enableInstanceExtensions:1780.
[68012:35264:0814/141549.504:ERROR:gl_display.cc(767)] eglInitialize SwANGLE failed with error EGL_NOT_INITIALIZED
[68012:35264:0814/141549.504:ERROR:gl_display.cc(801)] Initialization of all EGL display types failed.
[68012:35264:0814/141549.504:ERROR:gl_initializer_win.cc(135)] GLDisplayEGL::Initialize failed.
[68012:35264:0814/141549.513:ERROR:angle_platform_impl.cc(44)] vk_renderer.cpp:180 (rx::vk::(anonymous namespace)::VerifyExtensionsPresent): Extension not supported: VK_KHR_surface
[68012:35264:0814/141549.513:ERROR:angle_platform_impl.cc(44)] vk_renderer.cpp:180 (rx::vk::(anonymous namespace)::VerifyExtensionsPresent): Extension not supported: VK_KHR_win32_surface
[68012:35264:0814/141549.513:ERROR:angle_platform_impl.cc(44)] Display.cpp:1083 (egl::Display::initialize): ANGLE Display::initialize error 0: Internal Vulkan error (-7): A requested extension is not supported, in ..\..\third_party\angle\src\libANGLE\renderer\vulkan\vk_renderer.cpp, rx::vk::Renderer::enableInstanceExtensions:1780.
[68012:35264:0814/141549.513:ERROR:gl_display.cc(497)] EGL Driver message (Critical) eglInitialize: Internal Vulkan error (-7): A requested extension is not supported, in ..\..\third_party\angle\src\libANGLE\renderer\vulkan\vk_renderer.cpp, rx::vk::Renderer::enableInstanceExtensions:1780.
[68012:35264:0814/141549.513:ERROR:gl_display.cc(767)] eglInitialize SwANGLE failed with error EGL_NOT_INITIALIZED
[68012:35264:0814/141549.513:ERROR:gl_display.cc(801)] Initialization of all EGL display types failed.
[68012:35264:0814/141549.513:ERROR:gl_initializer_win.cc(135)] GLDisplayEGL::Initialize failed.
[68012:35264:0814/141549.514:ERROR:viz_main_impl.cc(166)] Exiting GPU process due to errors during initialization
[45292:43460:0814/141549.837:ERROR:angle_platform_impl.cc(44)] vk_renderer.cpp:180 (rx::vk::(anonymous namespace)::VerifyExtensionsPresent): Extension not supported: VK_KHR_surface
[45292:43460:0814/141549.837:ERROR:angle_platform_impl.cc(44)] vk_renderer.cpp:180 (rx::vk::(anonymous namespace)::VerifyExtensionsPresent): Extension not supported: VK_KHR_win32_surface
[45292:43460:0814/141549.837:ERROR:angle_platform_impl.cc(44)] Display.cpp:1083 (egl::Display::initialize): ANGLE Display::initialize error 0: Internal Vulkan error (-7): A requested extension is not supported, in ..\..\third_party\angle\src\libANGLE\renderer\vulkan\vk_renderer.cpp, rx::vk::Renderer::enableInstanceExtensions:1780.
[45292:43460:0814/141549.837:ERROR:gl_display.cc(497)] EGL Driver message (Critical) eglInitialize: Internal Vulkan error (-7): A requested extension is not supported, in ..\..\third_party\angle\src\libANGLE\renderer\vulkan\vk_renderer.cpp, rx::vk::Renderer::enableInstanceExtensions:1780.
[45292:43460:0814/141549.837:ERROR:gl_display.cc(767)] eglInitialize SwANGLE failed with error EGL_NOT_INITIALIZED
[45292:43460:0814/141549.837:ERROR:gl_display.cc(801)] Initialization of all EGL display types failed.
[45292:43460:0814/141549.837:ERROR:gl_initializer_win.cc(135)] GLDisplayEGL::Initialize failed.
[45292:43460:0814/141549.848:ERROR:angle_platform_impl.cc(44)] vk_renderer.cpp:180 (rx::vk::(anonymous namespace)::VerifyExtensionsPresent): Extension not supported: VK_KHR_surface
[45292:43460:0814/141549.848:ERROR:angle_platform_impl.cc(44)] vk_renderer.cpp:180 (rx::vk::(anonymous namespace)::VerifyExtensionsPresent): Extension not supported: VK_KHR_win32_surface
[45292:43460:0814/141549.848:ERROR:angle_platform_impl.cc(44)] Display.cpp:1083 (egl::Display::initialize): ANGLE Display::initialize error 0: Internal Vulkan error (-7): A requested extension is not supported, in ..\..\third_party\angle\src\libANGLE\renderer\vulkan\vk_renderer.cpp, rx::vk::Renderer::enableInstanceExtensions:1780.
[45292:43460:0814/141549.848:ERROR:gl_display.cc(497)] EGL Driver message (Critical) eglInitialize: Internal Vulkan error (-7): A requested extension is not supported, in ..\..\third_party\angle\src\libANGLE\renderer\vulkan\vk_renderer.cpp, rx::vk::Renderer::enableInstanceExtensions:1780.
[45292:43460:0814/141549.848:ERROR:gl_display.cc(767)] eglInitialize SwANGLE failed with error EGL_NOT_INITIALIZED
[45292:43460:0814/141549.848:ERROR:gl_display.cc(801)] Initialization of all EGL display types failed.
[45292:43460:0814/141549.848:ERROR:gl_initializer_win.cc(135)] GLDisplayEGL::Initialize failed.
[45292:43460:0814/141549.849:ERROR:viz_main_impl.cc(166)] Exiting GPU process due to errors during initialization
[67132:67944:0814/141550.193:ERROR:angle_platform_impl.cc(44)] vk_renderer.cpp:180 (rx::vk::(anonymous namespace)::VerifyExtensionsPresent): Extension not supported: VK_KHR_surface
[67132:67944:0814/141550.193:ERROR:angle_platform_impl.cc(44)] vk_renderer.cpp:180 (rx::vk::(anonymous namespace)::VerifyExtensionsPresent): Extension not supported: VK_KHR_win32_surface
[67132:67944:0814/141550.193:ERROR:angle_platform_impl.cc(44)] Display.cpp:1083 (egl::Display::initialize): ANGLE Display::initialize error 0: Internal Vulkan error (-7): A requested extension is not supported, in ..\..\third_party\angle\src\libANGLE\renderer\vulkan\vk_renderer.cpp, rx::vk::Renderer::enableInstanceExtensions:1780.
[67132:67944:0814/141550.193:ERROR:gl_display.cc(497)] EGL Driver message (Critical) eglInitialize: Internal Vulkan error (-7): A requested extension is not supported, in ..\..\third_party\angle\src\libANGLE\renderer\vulkan\vk_renderer.cpp, rx::vk::Renderer::enableInstanceExtensions:1780.
[67132:67944:0814/141550.193:ERROR:gl_display.cc(767)] eglInitialize SwANGLE failed with error EGL_NOT_INITIALIZED
[67132:67944:0814/141550.193:ERROR:gl_display.cc(801)] Initialization of all EGL display types failed.
[67132:67944:0814/141550.193:ERROR:gl_initializer_win.cc(135)] GLDisplayEGL::Initialize failed.
[67132:67944:0814/141550.203:ERROR:angle_platform_impl.cc(44)] vk_renderer.cpp:180 (rx::vk::(anonymous namespace)::VerifyExtensionsPresent): Extension not supported: VK_KHR_surface
[67132:67944:0814/141550.203:ERROR:angle_platform_impl.cc(44)] vk_renderer.cpp:180 (rx::vk::(anonymous namespace)::VerifyExtensionsPresent): Extension not supported: VK_KHR_win32_surface
[67132:67944:0814/141550.203:ERROR:angle_platform_impl.cc(44)] Display.cpp:1083 (egl::Display::initialize): ANGLE Display::initialize error 0: Internal Vulkan error (-7): A requested extension is not supported, in ..\..\third_party\angle\src\libANGLE\renderer\vulkan\vk_renderer.cpp, rx::vk::Renderer::enableInstanceExtensions:1780.
[67132:67944:0814/141550.203:ERROR:gl_display.cc(497)] EGL Driver message (Critical) eglInitialize: Internal Vulkan error (-7): A requested extension is not supported, in ..\..\third_party\angle\src\libANGLE\renderer\vulkan\vk_renderer.cpp, rx::vk::Renderer::enableInstanceExtensions:1780.
[67132:67944:0814/141550.203:ERROR:gl_display.cc(767)] eglInitialize SwANGLE failed with error EGL_NOT_INITIALIZED
[67132:67944:0814/141550.203:ERROR:gl_display.cc(801)] Initialization of all EGL display types failed.
[67132:67944:0814/141550.203:ERROR:gl_initializer_win.cc(135)] GLDisplayEGL::Initialize failed.
[67132:67944:0814/141550.204:ERROR:viz_main_impl.cc(166)] Exiting GPU process due to errors during initialization
[41348:67028:0814/141550.533:ERROR:angle_platform_impl.cc(44)] vk_renderer.cpp:180 (rx::vk::(anonymous namespace)::VerifyExtensionsPresent): Extension not supported: VK_KHR_surface
[41348:67028:0814/141550.533:ERROR:angle_platform_impl.cc(44)] vk_renderer.cpp:180 (rx::vk::(anonymous namespace)::VerifyExtensionsPresent): Extension not supported: VK_KHR_win32_surface
[41348:67028:0814/141550.533:ERROR:angle_platform_impl.cc(44)] Display.cpp:1083 (egl::Display::initialize): ANGLE Display::initialize error 0: Internal Vulkan error (-7): A requested extension is not supported, in ..\..\third_party\angle\src\libANGLE\renderer\vulkan\vk_renderer.cpp, rx::vk::Renderer::enableInstanceExtensions:1780.
[41348:67028:0814/141550.533:ERROR:gl_display.cc(497)] EGL Driver message (Critical) eglInitialize: Internal Vulkan error (-7): A requested extension is not supported, in ..\..\third_party\angle\src\libANGLE\renderer\vulkan\vk_renderer.cpp, rx::vk::Renderer::enableInstanceExtensions:1780.
[41348:67028:0814/141550.533:ERROR:gl_display.cc(767)] eglInitialize SwANGLE failed with error EGL_NOT_INITIALIZED
[41348:67028:0814/141550.533:ERROR:gl_display.cc(801)] Initialization of all EGL display types failed.
[41348:67028:0814/141550.533:ERROR:gl_initializer_win.cc(135)] GLDisplayEGL::Initialize failed.
[41348:67028:0814/141550.543:ERROR:angle_platform_impl.cc(44)] vk_renderer.cpp:180 (rx::vk::(anonymous namespace)::VerifyExtensionsPresent): Extension not supported: VK_KHR_surface
[41348:67028:0814/141550.543:ERROR:angle_platform_impl.cc(44)] vk_renderer.cpp:180 (rx::vk::(anonymous namespace)::VerifyExtensionsPresent): Extension not supported: VK_KHR_win32_surface
[41348:67028:0814/141550.543:ERROR:angle_platform_impl.cc(44)] Display.cpp:1083 (egl::Display::initialize): ANGLE Display::initialize error 0: Internal Vulkan error (-7): A requested extension is not supported, in ..\..\third_party\angle\src\libANGLE\renderer\vulkan\vk_renderer.cpp, rx::vk::Renderer::enableInstanceExtensions:1780.
[41348:67028:0814/141550.543:ERROR:gl_display.cc(497)] EGL Driver message (Critical) eglInitialize: Internal Vulkan error (-7): A requested extension is not supported, in ..\..\third_party\angle\src\libANGLE\renderer\vulkan\vk_renderer.cpp, rx::vk::Renderer::enableInstanceExtensions:1780.
[41348:67028:0814/141550.543:ERROR:gl_display.cc(767)] eglInitialize SwANGLE failed with error EGL_NOT_INITIALIZED
[41348:67028:0814/141550.543:ERROR:gl_display.cc(801)] Initialization of all EGL display types failed.
[41348:67028:0814/141550.543:ERROR:gl_initializer_win.cc(135)] GLDisplayEGL::Initialize failed.
[41348:67028:0814/141550.544:ERROR:viz_main_impl.cc(166)] Exiting GPU process due to errors during initialization
[44708:57584:0814/141550.871:ERROR:angle_platform_impl.cc(44)] vk_renderer.cpp:180 (rx::vk::(anonymous namespace)::VerifyExtensionsPresent): Extension not supported: VK_KHR_surface
[44708:57584:0814/141550.871:ERROR:angle_platform_impl.cc(44)] vk_renderer.cpp:180 (rx::vk::(anonymous namespace)::VerifyExtensionsPresent): Extension not supported: VK_KHR_win32_surface
[44708:57584:0814/141550.872:ERROR:angle_platform_impl.cc(44)] Display.cpp:1083 (egl::Display::initialize): ANGLE Display::initialize error 0: Internal Vulkan error (-7): A requested extension is not supported, in ..\..\third_party\angle\src\libANGLE\renderer\vulkan\vk_renderer.cpp, rx::vk::Renderer::enableInstanceExtensions:1780.
[44708:57584:0814/141550.872:ERROR:gl_display.cc(497)] EGL Driver message (Critical) eglInitialize: Internal Vulkan error (-7): A requested extension is not supported, in ..\..\third_party\angle\src\libANGLE\renderer\vulkan\vk_renderer.cpp, rx::vk::Renderer::enableInstanceExtensions:1780.
[44708:57584:0814/141550.872:ERROR:gl_display.cc(767)] eglInitialize SwANGLE failed with error EGL_NOT_INITIALIZED
[44708:57584:0814/141550.872:ERROR:gl_display.cc(801)] Initialization of all EGL display types failed.
[44708:57584:0814/141550.872:ERROR:gl_initializer_win.cc(135)] GLDisplayEGL::Initialize failed.
[44708:57584:0814/141550.883:ERROR:angle_platform_impl.cc(44)] vk_renderer.cpp:180 (rx::vk::(anonymous namespace)::VerifyExtensionsPresent): Extension not supported: VK_KHR_surface
[44708:57584:0814/141550.883:ERROR:angle_platform_impl.cc(44)] vk_renderer.cpp:180 (rx::vk::(anonymous namespace)::VerifyExtensionsPresent): Extension not supported: VK_KHR_win32_surface
[44708:57584:0814/141550.883:ERROR:angle_platform_impl.cc(44)] Display.cpp:1083 (egl::Display::initialize): ANGLE Display::initialize error 0: Internal Vulkan error (-7): A requested extension is not supported, in ..\..\third_party\angle\src\libANGLE\renderer\vulkan\vk_renderer.cpp, rx::vk::Renderer::enableInstanceExtensions:1780.
[44708:57584:0814/141550.883:ERROR:gl_display.cc(497)] EGL Driver message (Critical) eglInitialize: Internal Vulkan error (-7): A requested extension is not supported, in ..\..\third_party\angle\src\libANGLE\renderer\vulkan\vk_renderer.cpp, rx::vk::Renderer::enableInstanceExtensions:1780.
[44708:57584:0814/141550.883:ERROR:gl_display.cc(767)] eglInitialize SwANGLE failed with error EGL_NOT_INITIALIZED
[44708:57584:0814/141550.883:ERROR:gl_display.cc(801)] Initialization of all EGL display types failed.
[44708:57584:0814/141550.883:ERROR:gl_initializer_win.cc(135)] GLDisplayEGL::Initialize failed.
[44708:57584:0814/141550.884:ERROR:viz_main_impl.cc(166)] Exiting GPU process due to errors during initialization
[65040:3916:0814/141551.184:ERROR:angle_platform_impl.cc(44)] vk_renderer.cpp:180 (rx::vk::(anonymous namespace)::VerifyExtensionsPresent): Extension not supported: VK_KHR_surface
[65040:3916:0814/141551.184:ERROR:angle_platform_impl.cc(44)] vk_renderer.cpp:180 (rx::vk::(anonymous namespace)::VerifyExtensionsPresent): Extension not supported: VK_KHR_win32_surface
[65040:3916:0814/141551.184:ERROR:angle_platform_impl.cc(44)] Display.cpp:1083 (egl::Display::initialize): ANGLE Display::initialize error 0: Internal Vulkan error (-7): A requested extension is not supported, in ..\..\third_party\angle\src\libANGLE\renderer\vulkan\vk_renderer.cpp, rx::vk::Renderer::enableInstanceExtensions:1780.
[65040:3916:0814/141551.184:ERROR:gl_display.cc(497)] EGL Driver message (Critical) eglInitialize: Internal Vulkan error (-7): A requested extension is not supported, in ..\..\third_party\angle\src\libANGLE\renderer\vulkan\vk_renderer.cpp, rx::vk::Renderer::enableInstanceExtensions:1780.
[65040:3916:0814/141551.184:ERROR:gl_display.cc(767)] eglInitialize SwANGLE failed with error EGL_NOT_INITIALIZED
[65040:3916:0814/141551.184:ERROR:gl_display.cc(801)] Initialization of all EGL display types failed.
[65040:3916:0814/141551.184:ERROR:gl_initializer_win.cc(135)] GLDisplayEGL::Initialize failed.
[65040:3916:0814/141551.193:ERROR:angle_platform_impl.cc(44)] vk_renderer.cpp:180 (rx::vk::(anonymous namespace)::VerifyExtensionsPresent): Extension not supported: VK_KHR_surface
[65040:3916:0814/141551.193:ERROR:angle_platform_impl.cc(44)] vk_renderer.cpp:180 (rx::vk::(anonymous namespace)::VerifyExtensionsPresent): Extension not supported: VK_KHR_win32_surface
[65040:3916:0814/141551.193:ERROR:angle_platform_impl.cc(44)] Display.cpp:1083 (egl::Display::initialize): ANGLE Display::initialize error 0: Internal Vulkan error (-7): A requested extension is not supported, in ..\..\third_party\angle\src\libANGLE\renderer\vulkan\vk_renderer.cpp, rx::vk::Renderer::enableInstanceExtensions:1780.
[65040:3916:0814/141551.193:ERROR:gl_display.cc(497)] EGL Driver message (Critical) eglInitialize: Internal Vulkan error (-7): A requested extension is not supported, in ..\..\third_party\angle\src\libANGLE\renderer\vulkan\vk_renderer.cpp, rx::vk::Renderer::enableInstanceExtensions:1780.
[65040:3916:0814/141551.193:ERROR:gl_display.cc(767)] eglInitialize SwANGLE failed with error EGL_NOT_INITIALIZED
[65040:3916:0814/141551.193:ERROR:gl_display.cc(801)] Initialization of all EGL display types failed.
[65040:3916:0814/141551.193:ERROR:gl_initializer_win.cc(135)] GLDisplayEGL::Initialize failed.
[65040:3916:0814/141551.194:ERROR:viz_main_impl.cc(166)] Exiting GPU process due to errors during initialization
[68368:44828:0814/141551.427:ERROR:device_event_log_impl.cc(196)] [14:15:51.104] USB: usb_service_win.cc:105 SetupDiGetDeviceProperty({{A45C254E-DF1C-4EFD-8020-67D146A850E0}, 6}) failed: 找不到元素。 (0x490)
[3424:49568:0814/141551.509:ERROR:angle_platform_impl.cc(44)] vk_renderer.cpp:180 (rx::vk::(anonymous namespace)::VerifyExtensionsPresent): Extension not supported: VK_KHR_surface
[3424:49568:0814/141551.509:ERROR:angle_platform_impl.cc(44)] vk_renderer.cpp:180 (rx::vk::(anonymous namespace)::VerifyExtensionsPresent): Extension not supported: VK_KHR_win32_surface
[3424:49568:0814/141551.509:ERROR:angle_platform_impl.cc(44)] Display.cpp:1083 (egl::Display::initialize): ANGLE Display::initialize error 0: Internal Vulkan error (-7): A requested extension is not supported, in ..\..\third_party\angle\src\libANGLE\renderer\vulkan\vk_renderer.cpp, rx::vk::Renderer::enableInstanceExtensions:1780.
[3424:49568:0814/141551.509:ERROR:gl_display.cc(497)] EGL Driver message (Critical) eglInitialize: Internal Vulkan error (-7): A requested extension is not supported, in ..\..\third_party\angle\src\libANGLE\renderer\vulkan\vk_renderer.cpp, rx::vk::Renderer::enableInstanceExtensions:1780.
[3424:49568:0814/141551.509:ERROR:gl_display.cc(767)] eglInitialize SwANGLE failed with error EGL_NOT_INITIALIZED
[3424:49568:0814/141551.509:ERROR:gl_display.cc(801)] Initialization of all EGL display types failed.
[3424:49568:0814/141551.509:ERROR:gl_initializer_win.cc(135)] GLDisplayEGL::Initialize failed.
[3424:49568:0814/141551.519:ERROR:angle_platform_impl.cc(44)] vk_renderer.cpp:180 (rx::vk::(anonymous namespace)::VerifyExtensionsPresent): Extension not supported: VK_KHR_surface
[3424:49568:0814/141551.519:ERROR:angle_platform_impl.cc(44)] vk_renderer.cpp:180 (rx::vk::(anonymous namespace)::VerifyExtensionsPresent): Extension not supported: VK_KHR_win32_surface
[3424:49568:0814/141551.519:ERROR:angle_platform_impl.cc(44)] Display.cpp:1083 (egl::Display::initialize): ANGLE Display::initialize error 0: Internal Vulkan error (-7): A requested extension is not supported, in ..\..\third_party\angle\src\libANGLE\renderer\vulkan\vk_renderer.cpp, rx::vk::Renderer::enableInstanceExtensions:1780.
[3424:49568:0814/141551.519:ERROR:gl_display.cc(497)] EGL Driver message (Critical) eglInitialize: Internal Vulkan error (-7): A requested extension is not supported, in ..\..\third_party\angle\src\libANGLE\renderer\vulkan\vk_renderer.cpp, rx::vk::Renderer::enableInstanceExtensions:1780.
[3424:49568:0814/141551.519:ERROR:gl_display.cc(767)] eglInitialize SwANGLE failed with error EGL_NOT_INITIALIZED
[3424:49568:0814/141551.519:ERROR:gl_display.cc(801)] Initialization of all EGL display types failed.
[3424:49568:0814/141551.519:ERROR:gl_initializer_win.cc(135)] GLDisplayEGL::Initialize failed.
[3424:49568:0814/141551.520:ERROR:viz_main_impl.cc(166)] Exiting GPU process due to errors during initialization
[67904:67236:0814/141551.835:ERROR:angle_platform_impl.cc(44)] vk_renderer.cpp:180 (rx::vk::(anonymous namespace)::VerifyExtensionsPresent): Extension not supported: VK_KHR_surface
[67904:67236:0814/141551.835:ERROR:angle_platform_impl.cc(44)] vk_renderer.cpp:180 (rx::vk::(anonymous namespace)::VerifyExtensionsPresent): Extension not supported: VK_KHR_win32_surface
[67904:67236:0814/141551.835:ERROR:angle_platform_impl.cc(44)] Display.cpp:1083 (egl::Display::initialize): ANGLE Display::initialize error 0: Internal Vulkan error (-7): A requested extension is not supported, in ..\..\third_party\angle\src\libANGLE\renderer\vulkan\vk_renderer.cpp, rx::vk::Renderer::enableInstanceExtensions:1780.
[67904:67236:0814/141551.835:ERROR:gl_display.cc(497)] EGL Driver message (Critical) eglInitialize: Internal Vulkan error (-7): A requested extension is not supported, in ..\..\third_party\angle\src\libANGLE\renderer\vulkan\vk_renderer.cpp, rx::vk::Renderer::enableInstanceExtensions:1780.
[67904:67236:0814/141551.835:ERROR:gl_display.cc(767)] eglInitialize SwANGLE failed with error EGL_NOT_INITIALIZED
[67904:67236:0814/141551.835:ERROR:gl_display.cc(801)] Initialization of all EGL display types failed.
[67904:67236:0814/141551.835:ERROR:gl_initializer_win.cc(135)] GLDisplayEGL::Initialize failed.
[67904:67236:0814/141551.844:ERROR:angle_platform_impl.cc(44)] vk_renderer.cpp:180 (rx::vk::(anonymous namespace)::VerifyExtensionsPresent): Extension not supported: VK_KHR_surface
[67904:67236:0814/141551.844:ERROR:angle_platform_impl.cc(44)] vk_renderer.cpp:180 (rx::vk::(anonymous namespace)::VerifyExtensionsPresent): Extension not supported: VK_KHR_win32_surface
[67904:67236:0814/141551.844:ERROR:angle_platform_impl.cc(44)] Display.cpp:1083 (egl::Display::initialize): ANGLE Display::initialize error 0: Internal Vulkan error (-7): A requested extension is not supported, in ..\..\third_party\angle\src\libANGLE\renderer\vulkan\vk_renderer.cpp, rx::vk::Renderer::enableInstanceExtensions:1780.
[67904:67236:0814/141551.844:ERROR:gl_display.cc(497)] EGL Driver message (Critical) eglInitialize: Internal Vulkan error (-7): A requested extension is not supported, in ..\..\third_party\angle\src\libANGLE\renderer\vulkan\vk_renderer.cpp, rx::vk::Renderer::enableInstanceExtensions:1780.
[67904:67236:0814/141551.844:ERROR:gl_display.cc(767)] eglInitialize SwANGLE failed with error EGL_NOT_INITIALIZED
[67904:67236:0814/141551.844:ERROR:gl_display.cc(801)] Initialization of all EGL display types failed.
[67904:67236:0814/141551.844:ERROR:gl_initializer_win.cc(135)] GLDisplayEGL::Initialize failed.
[67904:67236:0814/141551.845:ERROR:viz_main_impl.cc(166)] Exiting GPU process due to errors during initialization
[10016:68056:0814/141552.166:ERROR:angle_platform_impl.cc(44)] vk_renderer.cpp:180 (rx::vk::(anonymous namespace)::VerifyExtensionsPresent): Extension not supported: VK_KHR_surface
[10016:68056:0814/141552.166:ERROR:angle_platform_impl.cc(44)] vk_renderer.cpp:180 (rx::vk::(anonymous namespace)::VerifyExtensionsPresent): Extension not supported: VK_KHR_win32_surface
[10016:68056:0814/141552.166:ERROR:angle_platform_impl.cc(44)] Display.cpp:1083 (egl::Display::initialize): ANGLE Display::initialize error 0: Internal Vulkan error (-7): A requested extension is not supported, in ..\..\third_party\angle\src\libANGLE\renderer\vulkan\vk_renderer.cpp, rx::vk::Renderer::enableInstanceExtensions:1780.
[10016:68056:0814/141552.166:ERROR:gl_display.cc(497)] EGL Driver message (Critical) eglInitialize: Internal Vulkan error (-7): A requested extension is not supported, in ..\..\third_party\angle\src\libANGLE\renderer\vulkan\vk_renderer.cpp, rx::vk::Renderer::enableInstanceExtensions:1780.
[10016:68056:0814/141552.166:ERROR:gl_display.cc(767)] eglInitialize SwANGLE failed with error EGL_NOT_INITIALIZED
[10016:68056:0814/141552.166:ERROR:gl_display.cc(801)] Initialization of all EGL display types failed.
[10016:68056:0814/141552.166:ERROR:gl_initializer_win.cc(135)] GLDisplayEGL::Initialize failed.
[10016:68056:0814/141552.175:ERROR:angle_platform_impl.cc(44)] vk_renderer.cpp:180 (rx::vk::(anonymous namespace)::VerifyExtensionsPresent): Extension not supported: VK_KHR_surface
[10016:68056:0814/141552.175:ERROR:angle_platform_impl.cc(44)] vk_renderer.cpp:180 (rx::vk::(anonymous namespace)::VerifyExtensionsPresent): Extension not supported: VK_KHR_win32_surface
[10016:68056:0814/141552.176:ERROR:angle_platform_impl.cc(44)] Display.cpp:1083 (egl::Display::initialize): ANGLE Display::initialize error 0: Internal Vulkan error (-7): A requested extension is not supported, in ..\..\third_party\angle\src\libANGLE\renderer\vulkan\vk_renderer.cpp, rx::vk::Renderer::enableInstanceExtensions:1780.
[10016:68056:0814/141552.176:ERROR:gl_display.cc(497)] EGL Driver message (Critical) eglInitialize: Internal Vulkan error (-7): A requested extension is not supported, in ..\..\third_party\angle\src\libANGLE\renderer\vulkan\vk_renderer.cpp, rx::vk::Renderer::enableInstanceExtensions:1780.
[10016:68056:0814/141552.176:ERROR:gl_display.cc(767)] eglInitialize SwANGLE failed with error EGL_NOT_INITIALIZED
[10016:68056:0814/141552.176:ERROR:gl_display.cc(801)] Initialization of all EGL display types failed.
[10016:68056:0814/141552.176:ERROR:gl_initializer_win.cc(135)] GLDisplayEGL::Initialize failed.
[10016:68056:0814/141552.177:ERROR:viz_main_impl.cc(166)] Exiting GPU process due to errors during initialization
[67892:61392:0814/141552.508:ERROR:angle_platform_impl.cc(44)] vk_renderer.cpp:180 (rx::vk::(anonymous namespace)::VerifyExtensionsPresent): Extension not supported: VK_KHR_surface
[67892:61392:0814/141552.508:ERROR:angle_platform_impl.cc(44)] vk_renderer.cpp:180 (rx::vk::(anonymous namespace)::VerifyExtensionsPresent): Extension not supported: VK_KHR_win32_surface
[67892:61392:0814/141552.508:ERROR:angle_platform_impl.cc(44)] Display.cpp:1083 (egl::Display::initialize): ANGLE Display::initialize error 0: Internal Vulkan error (-7): A requested extension is not supported, in ..\..\third_party\angle\src\libANGLE\renderer\vulkan\vk_renderer.cpp, rx::vk::Renderer::enableInstanceExtensions:1780.
[67892:61392:0814/141552.508:ERROR:gl_display.cc(497)] EGL Driver message (Critical) eglInitialize: Internal Vulkan error (-7): A requested extension is not supported, in ..\..\third_party\angle\src\libANGLE\renderer\vulkan\vk_renderer.cpp, rx::vk::Renderer::enableInstanceExtensions:1780.
[67892:61392:0814/141552.508:ERROR:gl_display.cc(767)] eglInitialize SwANGLE failed with error EGL_NOT_INITIALIZED
[67892:61392:0814/141552.508:ERROR:gl_display.cc(801)] Initialization of all EGL display types failed.
[67892:61392:0814/141552.508:ERROR:gl_initializer_win.cc(135)] GLDisplayEGL::Initialize failed.
[67892:61392:0814/141552.518:ERROR:angle_platform_impl.cc(44)] vk_renderer.cpp:180 (rx::vk::(anonymous namespace)::VerifyExtensionsPresent): Extension not supported: VK_KHR_surface
[67892:61392:0814/141552.518:ERROR:angle_platform_impl.cc(44)] vk_renderer.cpp:180 (rx::vk::(anonymous namespace)::VerifyExtensionsPresent): Extension not supported: VK_KHR_win32_surface
[67892:61392:0814/141552.518:ERROR:angle_platform_impl.cc(44)] Display.cpp:1083 (egl::Display::initialize): ANGLE Display::initialize error 0: Internal Vulkan error (-7): A requested extension is not supported, in ..\..\third_party\angle\src\libANGLE\renderer\vulkan\vk_renderer.cpp, rx::vk::Renderer::enableInstanceExtensions:1780.
[67892:61392:0814/141552.518:ERROR:gl_display.cc(497)] EGL Driver message (Critical) eglInitialize: Internal Vulkan error (-7): A requested extension is not supported, in ..\..\third_party\angle\src\libANGLE\renderer\vulkan\vk_renderer.cpp, rx::vk::Renderer::enableInstanceExtensions:1780.
[67892:61392:0814/141552.518:ERROR:gl_display.cc(767)] eglInitialize SwANGLE failed with error EGL_NOT_INITIALIZED
[67892:61392:0814/141552.518:ERROR:gl_display.cc(801)] Initialization of all EGL display types failed.
[67892:61392:0814/141552.518:ERROR:gl_initializer_win.cc(135)] GLDisplayEGL::Initialize failed.
[67892:61392:0814/141552.520:ERROR:viz_main_impl.cc(166)] Exiting GPU process due to errors during initialization
[61800:49244:0814/141552.841:ERROR:angle_platform_impl.cc(44)] vk_renderer.cpp:180 (rx::vk::(anonymous namespace)::VerifyExtensionsPresent): Extension not supported: VK_KHR_surface
[61800:49244:0814/141552.841:ERROR:angle_platform_impl.cc(44)] vk_renderer.cpp:180 (rx::vk::(anonymous namespace)::VerifyExtensionsPresent): Extension not supported: VK_KHR_win32_surface
[61800:49244:0814/141552.841:ERROR:angle_platform_impl.cc(44)] Display.cpp:1083 (egl::Display::initialize): ANGLE Display::initialize error 0: Internal Vulkan error (-7): A requested extension is not supported, in ..\..\third_party\angle\src\libANGLE\renderer\vulkan\vk_renderer.cpp, rx::vk::Renderer::enableInstanceExtensions:1780.
[61800:49244:0814/141552.842:ERROR:gl_display.cc(497)] EGL Driver message (Critical) eglInitialize: Internal Vulkan error (-7): A requested extension is not supported, in ..\..\third_party\angle\src\libANGLE\renderer\vulkan\vk_renderer.cpp, rx::vk::Renderer::enableInstanceExtensions:1780.
[61800:49244:0814/141552.842:ERROR:gl_display.cc(767)] eglInitialize SwANGLE failed with error EGL_NOT_INITIALIZED
[61800:49244:0814/141552.842:ERROR:gl_display.cc(801)] Initialization of all EGL display types failed.
[61800:49244:0814/141552.842:ERROR:gl_initializer_win.cc(135)] GLDisplayEGL::Initialize failed.
[61800:49244:0814/141552.851:ERROR:angle_platform_impl.cc(44)] vk_renderer.cpp:180 (rx::vk::(anonymous namespace)::VerifyExtensionsPresent): Extension not supported: VK_KHR_surface
[61800:49244:0814/141552.851:ERROR:angle_platform_impl.cc(44)] vk_renderer.cpp:180 (rx::vk::(anonymous namespace)::VerifyExtensionsPresent): Extension not supported: VK_KHR_win32_surface
[61800:49244:0814/141552.851:ERROR:angle_platform_impl.cc(44)] Display.cpp:1083 (egl::Display::initialize): ANGLE Display::initialize error 0: Internal Vulkan error (-7): A requested extension is not supported, in ..\..\third_party\angle\src\libANGLE\renderer\vulkan\vk_renderer.cpp, rx::vk::Renderer::enableInstanceExtensions:1780.
[61800:49244:0814/141552.851:ERROR:gl_display.cc(497)] EGL Driver message (Critical) eglInitialize: Internal Vulkan error (-7): A requested extension is not supported, in ..\..\third_party\angle\src\libANGLE\renderer\vulkan\vk_renderer.cpp, rx::vk::Renderer::enableInstanceExtensions:1780.
[61800:49244:0814/141552.851:ERROR:gl_display.cc(767)] eglInitialize SwANGLE failed with error EGL_NOT_INITIALIZED
[61800:49244:0814/141552.851:ERROR:gl_display.cc(801)] Initialization of all EGL display types failed.
[61800:49244:0814/141552.852:ERROR:gl_initializer_win.cc(135)] GLDisplayEGL::Initialize failed.
[61800:49244:0814/141552.852:ERROR:viz_main_impl.cc(166)] Exiting GPU process due to errors during initialization
[52824:50708:0814/141553.170:ERROR:angle_platform_impl.cc(44)] vk_renderer.cpp:180 (rx::vk::(anonymous namespace)::VerifyExtensionsPresent): Extension not supported: VK_KHR_surface
[52824:50708:0814/141553.170:ERROR:angle_platform_impl.cc(44)] vk_renderer.cpp:180 (rx::vk::(anonymous namespace)::VerifyExtensionsPresent): Extension not supported: VK_KHR_win32_surface
[52824:50708:0814/141553.170:ERROR:angle_platform_impl.cc(44)] Display.cpp:1083 (egl::Display::initialize): ANGLE Display::initialize error 0: Internal Vulkan error (-7): A requested extension is not supported, in ..\..\third_party\angle\src\libANGLE\renderer\vulkan\vk_renderer.cpp, rx::vk::Renderer::enableInstanceExtensions:1780.
[52824:50708:0814/141553.170:ERROR:gl_display.cc(497)] EGL Driver message (Critical) eglInitialize: Internal Vulkan error (-7): A requested extension is not supported, in ..\..\third_party\angle\src\libANGLE\renderer\vulkan\vk_renderer.cpp, rx::vk::Renderer::enableInstanceExtensions:1780.
[52824:50708:0814/141553.170:ERROR:gl_display.cc(767)] eglInitialize SwANGLE failed with error EGL_NOT_INITIALIZED
[52824:50708:0814/141553.170:ERROR:gl_display.cc(801)] Initialization of all EGL display types failed.
[52824:50708:0814/141553.170:ERROR:gl_initializer_win.cc(135)] GLDisplayEGL::Initialize failed.
[52824:50708:0814/141553.180:ERROR:angle_platform_impl.cc(44)] vk_renderer.cpp:180 (rx::vk::(anonymous namespace)::VerifyExtensionsPresent): Extension not supported: VK_KHR_surface
[52824:50708:0814/141553.180:ERROR:angle_platform_impl.cc(44)] vk_renderer.cpp:180 (rx::vk::(anonymous namespace)::VerifyExtensionsPresent): Extension not supported: VK_KHR_win32_surface
[52824:50708:0814/141553.180:ERROR:angle_platform_impl.cc(44)] Display.cpp:1083 (egl::Display::initialize): ANGLE Display::initialize error 0: Internal Vulkan error (-7): A requested extension is not supported, in ..\..\third_party\angle\src\libANGLE\renderer\vulkan\vk_renderer.cpp, rx::vk::Renderer::enableInstanceExtensions:1780.
[52824:50708:0814/141553.180:ERROR:gl_display.cc(497)] EGL Driver message (Critical) eglInitialize: Internal Vulkan error (-7): A requested extension is not supported, in ..\..\third_party\angle\src\libANGLE\renderer\vulkan\vk_renderer.cpp, rx::vk::Renderer::enableInstanceExtensions:1780.
[52824:50708:0814/141553.180:ERROR:gl_display.cc(767)] eglInitialize SwANGLE failed with error EGL_NOT_INITIALIZED
[52824:50708:0814/141553.180:ERROR:gl_display.cc(801)] Initialization of all EGL display types failed.
[52824:50708:0814/141553.180:ERROR:gl_initializer_win.cc(135)] GLDisplayEGL::Initialize failed.
[52824:50708:0814/141553.181:ERROR:viz_main_impl.cc(166)] Exiting GPU process due to errors during initialization
[47540:62004:0814/141553.503:ERROR:angle_platform_impl.cc(44)] vk_renderer.cpp:180 (rx::vk::(anonymous namespace)::VerifyExtensionsPresent): Extension not supported: VK_KHR_surface
[47540:62004:0814/141553.504:ERROR:angle_platform_impl.cc(44)] vk_renderer.cpp:180 (rx::vk::(anonymous namespace)::VerifyExtensionsPresent): Extension not supported: VK_KHR_win32_surface
[47540:62004:0814/141553.504:ERROR:angle_platform_impl.cc(44)] Display.cpp:1083 (egl::Display::initialize): ANGLE Display::initialize error 0: Internal Vulkan error (-7): A requested extension is not supported, in ..\..\third_party\angle\src\libANGLE\renderer\vulkan\vk_renderer.cpp, rx::vk::Renderer::enableInstanceExtensions:1780.
[47540:62004:0814/141553.504:ERROR:gl_display.cc(497)] EGL Driver message (Critical) eglInitialize: Internal Vulkan error (-7): A requested extension is not supported, in ..\..\third_party\angle\src\libANGLE\renderer\vulkan\vk_renderer.cpp, rx::vk::Renderer::enableInstanceExtensions:1780.
[47540:62004:0814/141553.504:ERROR:gl_display.cc(767)] eglInitialize SwANGLE failed with error EGL_NOT_INITIALIZED
[47540:62004:0814/141553.504:ERROR:gl_display.cc(801)] Initialization of all EGL display types failed.
[47540:62004:0814/141553.504:ERROR:gl_initializer_win.cc(135)] GLDisplayEGL::Initialize failed.
[47540:62004:0814/141553.513:ERROR:angle_platform_impl.cc(44)] vk_renderer.cpp:180 (rx::vk::(anonymous namespace)::VerifyExtensionsPresent): Extension not supported: VK_KHR_surface
[47540:62004:0814/141553.513:ERROR:angle_platform_impl.cc(44)] vk_renderer.cpp:180 (rx::vk::(anonymous namespace)::VerifyExtensionsPresent): Extension not supported: VK_KHR_win32_surface
[47540:62004:0814/141553.513:ERROR:angle_platform_impl.cc(44)] Display.cpp:1083 (egl::Display::initialize): ANGLE Display::initialize error 0: Internal Vulkan error (-7): A requested extension is not supported, in ..\..\third_party\angle\src\libANGLE\renderer\vulkan\vk_renderer.cpp, rx::vk::Renderer::enableInstanceExtensions:1780.
[47540:62004:0814/141553.513:ERROR:gl_display.cc(497)] EGL Driver message (Critical) eglInitialize: Internal Vulkan error (-7): A requested extension is not supported, in ..\..\third_party\angle\src\libANGLE\renderer\vulkan\vk_renderer.cpp, rx::vk::Renderer::enableInstanceExtensions:1780.
[47540:62004:0814/141553.513:ERROR:gl_display.cc(767)] eglInitialize SwANGLE failed with error EGL_NOT_INITIALIZED
[47540:62004:0814/141553.513:ERROR:gl_display.cc(801)] Initialization of all EGL display types failed.
[47540:62004:0814/141553.513:ERROR:gl_initializer_win.cc(135)] GLDisplayEGL::Initialize failed.
[47540:62004:0814/141553.514:ERROR:viz_main_impl.cc(166)] Exiting GPU process due to errors during initialization
[50728:43696:0814/141553.857:ERROR:angle_platform_impl.cc(44)] vk_renderer.cpp:180 (rx::vk::(anonymous namespace)::VerifyExtensionsPresent): Extension not supported: VK_KHR_surface
[50728:43696:0814/141553.857:ERROR:angle_platform_impl.cc(44)] vk_renderer.cpp:180 (rx::vk::(anonymous namespace)::VerifyExtensionsPresent): Extension not supported: VK_KHR_win32_surface
[50728:43696:0814/141553.857:ERROR:angle_platform_impl.cc(44)] Display.cpp:1083 (egl::Display::initialize): ANGLE Display::initialize error 0: Internal Vulkan error (-7): A requested extension is not supported, in ..\..\third_party\angle\src\libANGLE\renderer\vulkan\vk_renderer.cpp, rx::vk::Renderer::enableInstanceExtensions:1780.
[50728:43696:0814/141553.857:ERROR:gl_display.cc(497)] EGL Driver message (Critical) eglInitialize: Internal Vulkan error (-7): A requested extension is not supported, in ..\..\third_party\angle\src\libANGLE\renderer\vulkan\vk_renderer.cpp, rx::vk::Renderer::enableInstanceExtensions:1780.
[50728:43696:0814/141553.857:ERROR:gl_display.cc(767)] eglInitialize SwANGLE failed with error EGL_NOT_INITIALIZED
[50728:43696:0814/141553.857:ERROR:gl_display.cc(801)] Initialization of all EGL display types failed.
[50728:43696:0814/141553.857:ERROR:gl_initializer_win.cc(135)] GLDisplayEGL::Initialize failed.
[50728:43696:0814/141553.866:ERROR:angle_platform_impl.cc(44)] vk_renderer.cpp:180 (rx::vk::(anonymous namespace)::VerifyExtensionsPresent): Extension not supported: VK_KHR_surface
[50728:43696:0814/141553.866:ERROR:angle_platform_impl.cc(44)] vk_renderer.cpp:180 (rx::vk::(anonymous namespace)::VerifyExtensionsPresent): Extension not supported: VK_KHR_win32_surface
[50728:43696:0814/141553.866:ERROR:angle_platform_impl.cc(44)] Display.cpp:1083 (egl::Display::initialize): ANGLE Display::initialize error 0: Internal Vulkan error (-7): A requested extension is not supported, in ..\..\third_party\angle\src\libANGLE\renderer\vulkan\vk_renderer.cpp, rx::vk::Renderer::enableInstanceExtensions:1780.
[50728:43696:0814/141553.866:ERROR:gl_display.cc(497)] EGL Driver message (Critical) eglInitialize: Internal Vulkan error (-7): A requested extension is not supported, in ..\..\third_party\angle\src\libANGLE\renderer\vulkan\vk_renderer.cpp, rx::vk::Renderer::enableInstanceExtensions:1780.
[50728:43696:0814/141553.866:ERROR:gl_display.cc(767)] eglInitialize SwANGLE failed with error EGL_NOT_INITIALIZED
[50728:43696:0814/141553.866:ERROR:gl_display.cc(801)] Initialization of all EGL display types failed.
[50728:43696:0814/141553.866:ERROR:gl_initializer_win.cc(135)] GLDisplayEGL::Initialize failed.
[50728:43696:0814/141553.868:ERROR:viz_main_impl.cc(166)] Exiting GPU process due to errors during initialization
[62268:64616:0814/141554.120:ERROR:angle_platform_impl.cc(44)] vk_renderer.cpp:180 (rx::vk::(anonymous namespace)::VerifyExtensionsPresent): Extension not supported: VK_KHR_surface
[62268:64616:0814/141554.120:ERROR:angle_platform_impl.cc(44)] vk_renderer.cpp:180 (rx::vk::(anonymous namespace)::VerifyExtensionsPresent): Extension not supported: VK_KHR_win32_surface
[62268:64616:0814/141554.120:ERROR:angle_platform_impl.cc(44)] Display.cpp:1083 (egl::Display::initialize): ANGLE Display::initialize error 0: Internal Vulkan error (-7): A requested extension is not supported, in ..\..\third_party\angle\src\libANGLE\renderer\vulkan\vk_renderer.cpp, rx::vk::Renderer::enableInstanceExtensions:1780.
[62268:64616:0814/141554.120:ERROR:gl_display.cc(497)] EGL Driver message (Critical) eglInitialize: Internal Vulkan error (-7): A requested extension is not supported, in ..\..\third_party\angle\src\libANGLE\renderer\vulkan\vk_renderer.cpp, rx::vk::Renderer::enableInstanceExtensions:1780.
[62268:64616:0814/141554.120:ERROR:gl_display.cc(767)] eglInitialize SwANGLE failed with error EGL_NOT_INITIALIZED
[62268:64616:0814/141554.120:ERROR:gl_display.cc(801)] Initialization of all EGL display types failed.
[62268:64616:0814/141554.120:ERROR:gl_initializer_win.cc(135)] GLDisplayEGL::Initialize failed.
[62268:64616:0814/141554.129:ERROR:angle_platform_impl.cc(44)] vk_renderer.cpp:180 (rx::vk::(anonymous namespace)::VerifyExtensionsPresent): Extension not supported: VK_KHR_surface
[62268:64616:0814/141554.129:ERROR:angle_platform_impl.cc(44)] vk_renderer.cpp:180 (rx::vk::(anonymous namespace)::VerifyExtensionsPresent): Extension not supported: VK_KHR_win32_surface
[62268:64616:0814/141554.130:ERROR:angle_platform_impl.cc(44)] Display.cpp:1083 (egl::Display::initialize): ANGLE Display::initialize error 0: Internal Vulkan error (-7): A requested extension is not supported, in ..\..\third_party\angle\src\libANGLE\renderer\vulkan\vk_renderer.cpp, rx::vk::Renderer::enableInstanceExtensions:1780.
[62268:64616:0814/141554.130:ERROR:gl_display.cc(497)] EGL Driver message (Critical) eglInitialize: Internal Vulkan error (-7): A requested extension is not supported, in ..\..\third_party\angle\src\libANGLE\renderer\vulkan\vk_renderer.cpp, rx::vk::Renderer::enableInstanceExtensions:1780.
[62268:64616:0814/141554.130:ERROR:gl_display.cc(767)] eglInitialize SwANGLE failed with error EGL_NOT_INITIALIZED
[62268:64616:0814/141554.130:ERROR:gl_display.cc(801)] Initialization of all EGL display types failed.
[62268:64616:0814/141554.130:ERROR:gl_initializer_win.cc(135)] GLDisplayEGL::Initialize failed.
[62268:64616:0814/141554.130:ERROR:viz_main_impl.cc(166)] Exiting GPU process due to errors during initialization
[23836:63844:0814/141554.437:ERROR:angle_platform_impl.cc(44)] vk_renderer.cpp:180 (rx::vk::(anonymous namespace)::VerifyExtensionsPresent): Extension not supported: VK_KHR_surface
[23836:63844:0814/141554.438:ERROR:angle_platform_impl.cc(44)] vk_renderer.cpp:180 (rx::vk::(anonymous namespace)::VerifyExtensionsPresent): Extension not supported: VK_KHR_win32_surface
[23836:63844:0814/141554.438:ERROR:angle_platform_impl.cc(44)] Display.cpp:1083 (egl::Display::initialize): ANGLE Display::initialize error 0: Internal Vulkan error (-7): A requested extension is not supported, in ..\..\third_party\angle\src\libANGLE\renderer\vulkan\vk_renderer.cpp, rx::vk::Renderer::enableInstanceExtensions:1780.
[23836:63844:0814/141554.438:ERROR:gl_display.cc(497)] EGL Driver message (Critical) eglInitialize: Internal Vulkan error (-7): A requested extension is not supported, in ..\..\third_party\angle\src\libANGLE\renderer\vulkan\vk_renderer.cpp, rx::vk::Renderer::enableInstanceExtensions:1780.
[23836:63844:0814/141554.438:ERROR:gl_display.cc(767)] eglInitialize SwANGLE failed with error EGL_NOT_INITIALIZED
[23836:63844:0814/141554.438:ERROR:gl_display.cc(801)] Initialization of all EGL display types failed.
[23836:63844:0814/141554.438:ERROR:gl_initializer_win.cc(135)] GLDisplayEGL::Initialize failed.
[23836:63844:0814/141554.448:ERROR:angle_platform_impl.cc(44)] vk_renderer.cpp:180 (rx::vk::(anonymous namespace)::VerifyExtensionsPresent): Extension not supported: VK_KHR_surface
[23836:63844:0814/141554.448:ERROR:angle_platform_impl.cc(44)] vk_renderer.cpp:180 (rx::vk::(anonymous namespace)::VerifyExtensionsPresent): Extension not supported: VK_KHR_win32_surface
[23836:63844:0814/141554.448:ERROR:angle_platform_impl.cc(44)] Display.cpp:1083 (egl::Display::initialize): ANGLE Display::initialize error 0: Internal Vulkan error (-7): A requested extension is not supported, in ..\..\third_party\angle\src\libANGLE\renderer\vulkan\vk_renderer.cpp, rx::vk::Renderer::enableInstanceExtensions:1780.
[23836:63844:0814/141554.448:ERROR:gl_display.cc(497)] EGL Driver message (Critical) eglInitialize: Internal Vulkan error (-7): A requested extension is not supported, in ..\..\third_party\angle\src\libANGLE\renderer\vulkan\vk_renderer.cpp, rx::vk::Renderer::enableInstanceExtensions:1780.
[23836:63844:0814/141554.448:ERROR:gl_display.cc(767)] eglInitialize SwANGLE failed with error EGL_NOT_INITIALIZED
[23836:63844:0814/141554.448:ERROR:gl_display.cc(801)] Initialization of all EGL display types failed.
[23836:63844:0814/141554.448:ERROR:gl_initializer_win.cc(135)] GLDisplayEGL::Initialize failed.
[23836:63844:0814/141554.449:ERROR:viz_main_impl.cc(166)] Exiting GPU process due to errors during initialization
[61132:3424:0814/141554.763:ERROR:angle_platform_impl.cc(44)] vk_renderer.cpp:180 (rx::vk::(anonymous namespace)::VerifyExtensionsPresent): Extension not supported: VK_KHR_surface
[61132:3424:0814/141554.763:ERROR:angle_platform_impl.cc(44)] vk_renderer.cpp:180 (rx::vk::(anonymous namespace)::VerifyExtensionsPresent): Extension not supported: VK_KHR_win32_surface
[61132:3424:0814/141554.764:ERROR:angle_platform_impl.cc(44)] Display.cpp:1083 (egl::Display::initialize): ANGLE Display::initialize error 0: Internal Vulkan error (-7): A requested extension is not supported, in ..\..\third_party\angle\src\libANGLE\renderer\vulkan\vk_renderer.cpp, rx::vk::Renderer::enableInstanceExtensions:1780.
[61132:3424:0814/141554.764:ERROR:gl_display.cc(497)] EGL Driver message (Critical) eglInitialize: Internal Vulkan error (-7): A requested extension is not supported, in ..\..\third_party\angle\src\libANGLE\renderer\vulkan\vk_renderer.cpp, rx::vk::Renderer::enableInstanceExtensions:1780.
[61132:3424:0814/141554.764:ERROR:gl_display.cc(767)] eglInitialize SwANGLE failed with error EGL_NOT_INITIALIZED
[61132:3424:0814/141554.764:ERROR:gl_display.cc(801)] Initialization of all EGL display types failed.
[61132:3424:0814/141554.764:ERROR:gl_initializer_win.cc(135)] GLDisplayEGL::Initialize failed.
[61132:3424:0814/141554.773:ERROR:angle_platform_impl.cc(44)] vk_renderer.cpp:180 (rx::vk::(anonymous namespace)::VerifyExtensionsPresent): Extension not supported: VK_KHR_surface
[61132:3424:0814/141554.773:ERROR:angle_platform_impl.cc(44)] vk_renderer.cpp:180 (rx::vk::(anonymous namespace)::VerifyExtensionsPresent): Extension not supported: VK_KHR_win32_surface
[61132:3424:0814/141554.774:ERROR:angle_platform_impl.cc(44)] Display.cpp:1083 (egl::Display::initialize): ANGLE Display::initialize error 0: Internal Vulkan error (-7): A requested extension is not supported, in ..\..\third_party\angle\src\libANGLE\renderer\vulkan\vk_renderer.cpp, rx::vk::Renderer::enableInstanceExtensions:1780.
[61132:3424:0814/141554.774:ERROR:gl_display.cc(497)] EGL Driver message (Critical) eglInitialize: Internal Vulkan error (-7): A requested extension is not supported, in ..\..\third_party\angle\src\libANGLE\renderer\vulkan\vk_renderer.cpp, rx::vk::Renderer::enableInstanceExtensions:1780.
[61132:3424:0814/141554.774:ERROR:gl_display.cc(767)] eglInitialize SwANGLE failed with error EGL_NOT_INITIALIZED
[61132:3424:0814/141554.774:ERROR:gl_display.cc(801)] Initialization of all EGL display types failed.
[61132:3424:0814/141554.774:ERROR:gl_initializer_win.cc(135)] GLDisplayEGL::Initialize failed.
[61132:3424:0814/141554.775:ERROR:viz_main_impl.cc(166)] Exiting GPU process due to errors during initialization
[49196:54280:0814/141555.090:ERROR:angle_platform_impl.cc(44)] vk_renderer.cpp:180 (rx::vk::(anonymous namespace)::VerifyExtensionsPresent): Extension not supported: VK_KHR_surface
[49196:54280:0814/141555.090:ERROR:angle_platform_impl.cc(44)] vk_renderer.cpp:180 (rx::vk::(anonymous namespace)::VerifyExtensionsPresent): Extension not supported: VK_KHR_win32_surface
[49196:54280:0814/141555.090:ERROR:angle_platform_impl.cc(44)] Display.cpp:1083 (egl::Display::initialize): ANGLE Display::initialize error 0: Internal Vulkan error (-7): A requested extension is not supported, in ..\..\third_party\angle\src\libANGLE\renderer\vulkan\vk_renderer.cpp, rx::vk::Renderer::enableInstanceExtensions:1780.
[49196:54280:0814/141555.090:ERROR:gl_display.cc(497)] EGL Driver message (Critical) eglInitialize: Internal Vulkan error (-7): A requested extension is not supported, in ..\..\third_party\angle\src\libANGLE\renderer\vulkan\vk_renderer.cpp, rx::vk::Renderer::enableInstanceExtensions:1780.
[49196:54280:0814/141555.090:ERROR:gl_display.cc(767)] eglInitialize SwANGLE failed with error EGL_NOT_INITIALIZED
[49196:54280:0814/141555.090:ERROR:gl_display.cc(801)] Initialization of all EGL display types failed.
[49196:54280:0814/141555.090:ERROR:gl_initializer_win.cc(135)] GLDisplayEGL::Initialize failed.
[49196:54280:0814/141555.100:ERROR:angle_platform_impl.cc(44)] vk_renderer.cpp:180 (rx::vk::(anonymous namespace)::VerifyExtensionsPresent): Extension not supported: VK_KHR_surface
[49196:54280:0814/141555.100:ERROR:angle_platform_impl.cc(44)] vk_renderer.cpp:180 (rx::vk::(anonymous namespace)::VerifyExtensionsPresent): Extension not supported: VK_KHR_win32_surface
[49196:54280:0814/141555.100:ERROR:angle_platform_impl.cc(44)] Display.cpp:1083 (egl::Display::initialize): ANGLE Display::initialize error 0: Internal Vulkan error (-7): A requested extension is not supported, in ..\..\third_party\angle\src\libANGLE\renderer\vulkan\vk_renderer.cpp, rx::vk::Renderer::enableInstanceExtensions:1780.
[49196:54280:0814/141555.100:ERROR:gl_display.cc(497)] EGL Driver message (Critical) eglInitialize: Internal Vulkan error (-7): A requested extension is not supported, in ..\..\third_party\angle\src\libANGLE\renderer\vulkan\vk_renderer.cpp, rx::vk::Renderer::enableInstanceExtensions:1780.
[49196:54280:0814/141555.100:ERROR:gl_display.cc(767)] eglInitialize SwANGLE failed with error EGL_NOT_INITIALIZED
[49196:54280:0814/141555.100:ERROR:gl_display.cc(801)] Initialization of all EGL display types failed.
[49196:54280:0814/141555.100:ERROR:gl_initializer_win.cc(135)] GLDisplayEGL::Initialize failed.
[49196:54280:0814/141555.101:ERROR:viz_main_impl.cc(166)] Exiting GPU process due to errors during initialization
[64292:65036:0814/141555.547:ERROR:angle_platform_impl.cc(44)] vk_renderer.cpp:180 (rx::vk::(anonymous namespace)::VerifyExtensionsPresent): Extension not supported: VK_KHR_surface
[64292:65036:0814/141555.547:ERROR:angle_platform_impl.cc(44)] vk_renderer.cpp:180 (rx::vk::(anonymous namespace)::VerifyExtensionsPresent): Extension not supported: VK_KHR_win32_surface
[64292:65036:0814/141555.548:ERROR:angle_platform_impl.cc(44)] Display.cpp:1083 (egl::Display::initialize): ANGLE Display::initialize error 0: Internal Vulkan error (-7): A requested extension is not supported, in ..\..\third_party\angle\src\libANGLE\renderer\vulkan\vk_renderer.cpp, rx::vk::Renderer::enableInstanceExtensions:1780.
[64292:65036:0814/141555.548:ERROR:gl_display.cc(497)] EGL Driver message (Critical) eglInitialize: Internal Vulkan error (-7): A requested extension is not supported, in ..\..\third_party\angle\src\libANGLE\renderer\vulkan\vk_renderer.cpp, rx::vk::Renderer::enableInstanceExtensions:1780.
[64292:65036:0814/141555.548:ERROR:gl_display.cc(767)] eglInitialize SwANGLE failed with error EGL_NOT_INITIALIZED
[64292:65036:0814/141555.548:ERROR:gl_display.cc(801)] Initialization of all EGL display types failed.
[64292:65036:0814/141555.548:ERROR:gl_initializer_win.cc(135)] GLDisplayEGL::Initialize failed.
[64292:65036:0814/141555.560:ERROR:angle_platform_impl.cc(44)] vk_renderer.cpp:180 (rx::vk::(anonymous namespace)::VerifyExtensionsPresent): Extension not supported: VK_KHR_surface
[64292:65036:0814/141555.560:ERROR:angle_platform_impl.cc(44)] vk_renderer.cpp:180 (rx::vk::(anonymous namespace)::VerifyExtensionsPresent): Extension not supported: VK_KHR_win32_surface
[64292:65036:0814/141555.560:ERROR:angle_platform_impl.cc(44)] Display.cpp:1083 (egl::Display::initialize): ANGLE Display::initialize error 0: Internal Vulkan error (-7): A requested extension is not supported, in ..\..\third_party\angle\src\libANGLE\renderer\vulkan\vk_renderer.cpp, rx::vk::Renderer::enableInstanceExtensions:1780.
[64292:65036:0814/141555.560:ERROR:gl_display.cc(497)] EGL Driver message (Critical) eglInitialize: Internal Vulkan error (-7): A requested extension is not supported, in ..\..\third_party\angle\src\libANGLE\renderer\vulkan\vk_renderer.cpp, rx::vk::Renderer::enableInstanceExtensions:1780.
[64292:65036:0814/141555.560:ERROR:gl_display.cc(767)] eglInitialize SwANGLE failed with error EGL_NOT_INITIALIZED
[64292:65036:0814/141555.560:ERROR:gl_display.cc(801)] Initialization of all EGL display types failed.
[64292:65036:0814/141555.560:ERROR:gl_initializer_win.cc(135)] GLDisplayEGL::Initialize failed.
[64292:65036:0814/141555.561:ERROR:viz_main_impl.cc(166)] Exiting GPU process due to errors during initialization
[67132:58300:0814/141555.930:ERROR:angle_platform_impl.cc(44)] vk_renderer.cpp:180 (rx::vk::(anonymous namespace)::VerifyExtensionsPresent): Extension not supported: VK_KHR_surface
[67132:58300:0814/141555.930:ERROR:angle_platform_impl.cc(44)] vk_renderer.cpp:180 (rx::vk::(anonymous namespace)::VerifyExtensionsPresent): Extension not supported: VK_KHR_win32_surface
[67132:58300:0814/141555.931:ERROR:angle_platform_impl.cc(44)] Display.cpp:1083 (egl::Display::initialize): ANGLE Display::initialize error 0: Internal Vulkan error (-7): A requested extension is not supported, in ..\..\third_party\angle\src\libANGLE\renderer\vulkan\vk_renderer.cpp, rx::vk::Renderer::enableInstanceExtensions:1780.
[67132:58300:0814/141555.931:ERROR:gl_display.cc(497)] EGL Driver message (Critical) eglInitialize: Internal Vulkan error (-7): A requested extension is not supported, in ..\..\third_party\angle\src\libANGLE\renderer\vulkan\vk_renderer.cpp, rx::vk::Renderer::enableInstanceExtensions:1780.
[67132:58300:0814/141555.931:ERROR:gl_display.cc(767)] eglInitialize SwANGLE failed with error EGL_NOT_INITIALIZED
[67132:58300:0814/141555.931:ERROR:gl_display.cc(801)] Initialization of all EGL display types failed.
[67132:58300:0814/141555.931:ERROR:gl_initializer_win.cc(135)] GLDisplayEGL::Initialize failed.
[67132:58300:0814/141555.940:ERROR:angle_platform_impl.cc(44)] vk_renderer.cpp:180 (rx::vk::(anonymous namespace)::VerifyExtensionsPresent): Extension not supported: VK_KHR_surface
[67132:58300:0814/141555.940:ERROR:angle_platform_impl.cc(44)] vk_renderer.cpp:180 (rx::vk::(anonymous namespace)::VerifyExtensionsPresent): Extension not supported: VK_KHR_win32_surface
[67132:58300:0814/141555.940:ERROR:angle_platform_impl.cc(44)] Display.cpp:1083 (egl::Display::initialize): ANGLE Display::initialize error 0: Internal Vulkan error (-7): A requested extension is not supported, in ..\..\third_party\angle\src\libANGLE\renderer\vulkan\vk_renderer.cpp, rx::vk::Renderer::enableInstanceExtensions:1780.
[67132:58300:0814/141555.940:ERROR:gl_display.cc(497)] EGL Driver message (Critical) eglInitialize: Internal Vulkan error (-7): A requested extension is not supported, in ..\..\third_party\angle\src\libANGLE\renderer\vulkan\vk_renderer.cpp, rx::vk::Renderer::enableInstanceExtensions:1780.
[67132:58300:0814/141555.940:ERROR:gl_display.cc(767)] eglInitialize SwANGLE failed with error EGL_NOT_INITIALIZED
[67132:58300:0814/141555.940:ERROR:gl_display.cc(801)] Initialization of all EGL display types failed.
[67132:58300:0814/141555.940:ERROR:gl_initializer_win.cc(135)] GLDisplayEGL::Initialize failed.
[67132:58300:0814/141555.941:ERROR:viz_main_impl.cc(166)] Exiting GPU process due to errors during initialization
[45708:67592:0814/141556.256:ERROR:angle_platform_impl.cc(44)] vk_renderer.cpp:180 (rx::vk::(anonymous namespace)::VerifyExtensionsPresent): Extension not supported: VK_KHR_surface
[45708:67592:0814/141556.256:ERROR:angle_platform_impl.cc(44)] vk_renderer.cpp:180 (rx::vk::(anonymous namespace)::VerifyExtensionsPresent): Extension not supported: VK_KHR_win32_surface
[45708:67592:0814/141556.256:ERROR:angle_platform_impl.cc(44)] Display.cpp:1083 (egl::Display::initialize): ANGLE Display::initialize error 0: Internal Vulkan error (-7): A requested extension is not supported, in ..\..\third_party\angle\src\libANGLE\renderer\vulkan\vk_renderer.cpp, rx::vk::Renderer::enableInstanceExtensions:1780.
[45708:67592:0814/141556.256:ERROR:gl_display.cc(497)] EGL Driver message (Critical) eglInitialize: Internal Vulkan error (-7): A requested extension is not supported, in ..\..\third_party\angle\src\libANGLE\renderer\vulkan\vk_renderer.cpp, rx::vk::Renderer::enableInstanceExtensions:1780.
[45708:67592:0814/141556.256:ERROR:gl_display.cc(767)] eglInitialize SwANGLE failed with error EGL_NOT_INITIALIZED
[45708:67592:0814/141556.256:ERROR:gl_display.cc(801)] Initialization of all EGL display types failed.
[45708:67592:0814/141556.256:ERROR:gl_initializer_win.cc(135)] GLDisplayEGL::Initialize failed.
[45708:67592:0814/141556.265:ERROR:angle_platform_impl.cc(44)] vk_renderer.cpp:180 (rx::vk::(anonymous namespace)::VerifyExtensionsPresent): Extension not supported: VK_KHR_surface
[45708:67592:0814/141556.265:ERROR:angle_platform_impl.cc(44)] vk_renderer.cpp:180 (rx::vk::(anonymous namespace)::VerifyExtensionsPresent): Extension not supported: VK_KHR_win32_surface
[45708:67592:0814/141556.265:ERROR:angle_platform_impl.cc(44)] Display.cpp:1083 (egl::Display::initialize): ANGLE Display::initialize error 0: Internal Vulkan error (-7): A requested extension is not supported, in ..\..\third_party\angle\src\libANGLE\renderer\vulkan\vk_renderer.cpp, rx::vk::Renderer::enableInstanceExtensions:1780.
[45708:67592:0814/141556.265:ERROR:gl_display.cc(497)] EGL Driver message (Critical) eglInitialize: Internal Vulkan error (-7): A requested extension is not supported, in ..\..\third_party\angle\src\libANGLE\renderer\vulkan\vk_renderer.cpp, rx::vk::Renderer::enableInstanceExtensions:1780.
[45708:67592:0814/141556.265:ERROR:gl_display.cc(767)] eglInitialize SwANGLE failed with error EGL_NOT_INITIALIZED
[45708:67592:0814/141556.265:ERROR:gl_display.cc(801)] Initialization of all EGL display types failed.
[45708:67592:0814/141556.265:ERROR:gl_initializer_win.cc(135)] GLDisplayEGL::Initialize failed.
[45708:67592:0814/141556.266:ERROR:viz_main_impl.cc(166)] Exiting GPU process due to errors during initialization
[22504:45360:0814/141556.582:ERROR:angle_platform_impl.cc(44)] vk_renderer.cpp:180 (rx::vk::(anonymous namespace)::VerifyExtensionsPresent): Extension not supported: VK_KHR_surface
[22504:45360:0814/141556.583:ERROR:angle_platform_impl.cc(44)] vk_renderer.cpp:180 (rx::vk::(anonymous namespace)::VerifyExtensionsPresent): Extension not supported: VK_KHR_win32_surface
[22504:45360:0814/141556.583:ERROR:angle_platform_impl.cc(44)] Display.cpp:1083 (egl::Display::initialize): ANGLE Display::initialize error 0: Internal Vulkan error (-7): A requested extension is not supported, in ..\..\third_party\angle\src\libANGLE\renderer\vulkan\vk_renderer.cpp, rx::vk::Renderer::enableInstanceExtensions:1780.
[22504:45360:0814/141556.583:ERROR:gl_display.cc(497)] EGL Driver message (Critical) eglInitialize: Internal Vulkan error (-7): A requested extension is not supported, in ..\..\third_party\angle\src\libANGLE\renderer\vulkan\vk_renderer.cpp, rx::vk::Renderer::enableInstanceExtensions:1780.
[22504:45360:0814/141556.583:ERROR:gl_display.cc(767)] eglInitialize SwANGLE failed with error EGL_NOT_INITIALIZED
[22504:45360:0814/141556.583:ERROR:gl_display.cc(801)] Initialization of all EGL display types failed.
[22504:45360:0814/141556.583:ERROR:gl_initializer_win.cc(135)] GLDisplayEGL::Initialize failed.
[22504:45360:0814/141556.594:ERROR:angle_platform_impl.cc(44)] vk_renderer.cpp:180 (rx::vk::(anonymous namespace)::VerifyExtensionsPresent): Extension not supported: VK_KHR_surface
[22504:45360:0814/141556.594:ERROR:angle_platform_impl.cc(44)] vk_renderer.cpp:180 (rx::vk::(anonymous namespace)::VerifyExtensionsPresent): Extension not supported: VK_KHR_win32_surface
[22504:45360:0814/141556.594:ERROR:angle_platform_impl.cc(44)] Display.cpp:1083 (egl::Display::initialize): ANGLE Display::initialize error 0: Internal Vulkan error (-7): A requested extension is not supported, in ..\..\third_party\angle\src\libANGLE\renderer\vulkan\vk_renderer.cpp, rx::vk::Renderer::enableInstanceExtensions:1780.
[22504:45360:0814/141556.594:ERROR:gl_display.cc(497)] EGL Driver message (Critical) eglInitialize: Internal Vulkan error (-7): A requested extension is not supported, in ..\..\third_party\angle\src\libANGLE\renderer\vulkan\vk_renderer.cpp, rx::vk::Renderer::enableInstanceExtensions:1780.
[22504:45360:0814/141556.594:ERROR:gl_display.cc(767)] eglInitialize SwANGLE failed with error EGL_NOT_INITIALIZED
[22504:45360:0814/141556.594:ERROR:gl_display.cc(801)] Initialization of all EGL display types failed.
[22504:45360:0814/141556.594:ERROR:gl_initializer_win.cc(135)] GLDisplayEGL::Initialize failed.
[22504:45360:0814/141556.595:ERROR:viz_main_impl.cc(166)] Exiting GPU process due to errors during initialization
[67804:68500:0814/141556.922:ERROR:angle_platform_impl.cc(44)] vk_renderer.cpp:180 (rx::vk::(anonymous namespace)::VerifyExtensionsPresent): Extension not supported: VK_KHR_surface
[67804:68500:0814/141556.922:ERROR:angle_platform_impl.cc(44)] vk_renderer.cpp:180 (rx::vk::(anonymous namespace)::VerifyExtensionsPresent): Extension not supported: VK_KHR_win32_surface
[67804:68500:0814/141556.923:ERROR:angle_platform_impl.cc(44)] Display.cpp:1083 (egl::Display::initialize): ANGLE Display::initialize error 0: Internal Vulkan error (-7): A requested extension is not supported, in ..\..\third_party\angle\src\libANGLE\renderer\vulkan\vk_renderer.cpp, rx::vk::Renderer::enableInstanceExtensions:1780.
[67804:68500:0814/141556.923:ERROR:gl_display.cc(497)] EGL Driver message (Critical) eglInitialize: Internal Vulkan error (-7): A requested extension is not supported, in ..\..\third_party\angle\src\libANGLE\renderer\vulkan\vk_renderer.cpp, rx::vk::Renderer::enableInstanceExtensions:1780.
[67804:68500:0814/141556.923:ERROR:gl_display.cc(767)] eglInitialize SwANGLE failed with error EGL_NOT_INITIALIZED
[67804:68500:0814/141556.923:ERROR:gl_display.cc(801)] Initialization of all EGL display types failed.
[67804:68500:0814/141556.923:ERROR:gl_initializer_win.cc(135)] GLDisplayEGL::Initialize failed.
[67804:68500:0814/141556.932:ERROR:angle_platform_impl.cc(44)] vk_renderer.cpp:180 (rx::vk::(anonymous namespace)::VerifyExtensionsPresent): Extension not supported: VK_KHR_surface
[67804:68500:0814/141556.932:ERROR:angle_platform_impl.cc(44)] vk_renderer.cpp:180 (rx::vk::(anonymous namespace)::VerifyExtensionsPresent): Extension not supported: VK_KHR_win32_surface
[67804:68500:0814/141556.932:ERROR:angle_platform_impl.cc(44)] Display.cpp:1083 (egl::Display::initialize): ANGLE Display::initialize error 0: Internal Vulkan error (-7): A requested extension is not supported, in ..\..\third_party\angle\src\libANGLE\renderer\vulkan\vk_renderer.cpp, rx::vk::Renderer::enableInstanceExtensions:1780.
[67804:68500:0814/141556.932:ERROR:gl_display.cc(497)] EGL Driver message (Critical) eglInitialize: Internal Vulkan error (-7): A requested extension is not supported, in ..\..\third_party\angle\src\libANGLE\renderer\vulkan\vk_renderer.cpp, rx::vk::Renderer::enableInstanceExtensions:1780.
[67804:68500:0814/141556.932:ERROR:gl_display.cc(767)] eglInitialize SwANGLE failed with error EGL_NOT_INITIALIZED
[67804:68500:0814/141556.932:ERROR:gl_display.cc(801)] Initialization of all EGL display types failed.
[67804:68500:0814/141556.932:ERROR:gl_initializer_win.cc(135)] GLDisplayEGL::Initialize failed.
[67804:68500:0814/141556.933:ERROR:viz_main_impl.cc(166)] Exiting GPU process due to errors during initialization
[65092:3916:0814/141557.237:ERROR:angle_platform_impl.cc(44)] vk_renderer.cpp:180 (rx::vk::(anonymous namespace)::VerifyExtensionsPresent): Extension not supported: VK_KHR_surface
[65092:3916:0814/141557.237:ERROR:angle_platform_impl.cc(44)] vk_renderer.cpp:180 (rx::vk::(anonymous namespace)::VerifyExtensionsPresent): Extension not supported: VK_KHR_win32_surface
[65092:3916:0814/141557.238:ERROR:angle_platform_impl.cc(44)] Display.cpp:1083 (egl::Display::initialize): ANGLE Display::initialize error 0: Internal Vulkan error (-7): A requested extension is not supported, in ..\..\third_party\angle\src\libANGLE\renderer\vulkan\vk_renderer.cpp, rx::vk::Renderer::enableInstanceExtensions:1780.
[65092:3916:0814/141557.238:ERROR:gl_display.cc(497)] EGL Driver message (Critical) eglInitialize: Internal Vulkan error (-7): A requested extension is not supported, in ..\..\third_party\angle\src\libANGLE\renderer\vulkan\vk_renderer.cpp, rx::vk::Renderer::enableInstanceExtensions:1780.
[65092:3916:0814/141557.238:ERROR:gl_display.cc(767)] eglInitialize SwANGLE failed with error EGL_NOT_INITIALIZED
[65092:3916:0814/141557.238:ERROR:gl_display.cc(801)] Initialization of all EGL display types failed.
[65092:3916:0814/141557.238:ERROR:gl_initializer_win.cc(135)] GLDisplayEGL::Initialize failed.
[65092:3916:0814/141557.247:ERROR:angle_platform_impl.cc(44)] vk_renderer.cpp:180 (rx::vk::(anonymous namespace)::VerifyExtensionsPresent): Extension not supported: VK_KHR_surface
[65092:3916:0814/141557.247:ERROR:angle_platform_impl.cc(44)] vk_renderer.cpp:180 (rx::vk::(anonymous namespace)::VerifyExtensionsPresent): Extension not supported: VK_KHR_win32_surface
[65092:3916:0814/141557.247:ERROR:angle_platform_impl.cc(44)] Display.cpp:1083 (egl::Display::initialize): ANGLE Display::initialize error 0: Internal Vulkan error (-7): A requested extension is not supported, in ..\..\third_party\angle\src\libANGLE\renderer\vulkan\vk_renderer.cpp, rx::vk::Renderer::enableInstanceExtensions:1780.
[65092:3916:0814/141557.248:ERROR:gl_display.cc(497)] EGL Driver message (Critical) eglInitialize: Internal Vulkan error (-7): A requested extension is not supported, in ..\..\third_party\angle\src\libANGLE\renderer\vulkan\vk_renderer.cpp, rx::vk::Renderer::enableInstanceExtensions:1780.
[65092:3916:0814/141557.248:ERROR:gl_display.cc(767)] eglInitialize SwANGLE failed with error EGL_NOT_INITIALIZED
[65092:3916:0814/141557.248:ERROR:gl_display.cc(801)] Initialization of all EGL display types failed.
[65092:3916:0814/141557.248:ERROR:gl_initializer_win.cc(135)] GLDisplayEGL::Initialize failed.
[65092:3916:0814/141557.249:ERROR:viz_main_impl.cc(166)] Exiting GPU process due to errors during initialization
[47800:67740:0814/141557.563:ERROR:angle_platform_impl.cc(44)] vk_renderer.cpp:180 (rx::vk::(anonymous namespace)::VerifyExtensionsPresent): Extension not supported: VK_KHR_surface
[47800:67740:0814/141557.563:ERROR:angle_platform_impl.cc(44)] vk_renderer.cpp:180 (rx::vk::(anonymous namespace)::VerifyExtensionsPresent): Extension not supported: VK_KHR_win32_surface
[47800:67740:0814/141557.564:ERROR:angle_platform_impl.cc(44)] Display.cpp:1083 (egl::Display::initialize): ANGLE Display::initialize error 0: Internal Vulkan error (-7): A requested extension is not supported, in ..\..\third_party\angle\src\libANGLE\renderer\vulkan\vk_renderer.cpp, rx::vk::Renderer::enableInstanceExtensions:1780.
[47800:67740:0814/141557.564:ERROR:gl_display.cc(497)] EGL Driver message (Critical) eglInitialize: Internal Vulkan error (-7): A requested extension is not supported, in ..\..\third_party\angle\src\libANGLE\renderer\vulkan\vk_renderer.cpp, rx::vk::Renderer::enableInstanceExtensions:1780.
[47800:67740:0814/141557.564:ERROR:gl_display.cc(767)] eglInitialize SwANGLE failed with error EGL_NOT_INITIALIZED
[47800:67740:0814/141557.564:ERROR:gl_display.cc(801)] Initialization of all EGL display types failed.
[47800:67740:0814/141557.564:ERROR:gl_initializer_win.cc(135)] GLDisplayEGL::Initialize failed.
[47800:67740:0814/141557.573:ERROR:angle_platform_impl.cc(44)] vk_renderer.cpp:180 (rx::vk::(anonymous namespace)::VerifyExtensionsPresent): Extension not supported: VK_KHR_surface
[47800:67740:0814/141557.573:ERROR:angle_platform_impl.cc(44)] vk_renderer.cpp:180 (rx::vk::(anonymous namespace)::VerifyExtensionsPresent): Extension not supported: VK_KHR_win32_surface
[47800:67740:0814/141557.574:ERROR:angle_platform_impl.cc(44)] Display.cpp:1083 (egl::Display::initialize): ANGLE Display::initialize error 0: Internal Vulkan error (-7): A requested extension is not supported, in ..\..\third_party\angle\src\libANGLE\renderer\vulkan\vk_renderer.cpp, rx::vk::Renderer::enableInstanceExtensions:1780.
[47800:67740:0814/141557.574:ERROR:gl_display.cc(497)] EGL Driver message (Critical) eglInitialize: Internal Vulkan error (-7): A requested extension is not supported, in ..\..\third_party\angle\src\libANGLE\renderer\vulkan\vk_renderer.cpp, rx::vk::Renderer::enableInstanceExtensions:1780.
[47800:67740:0814/141557.574:ERROR:gl_display.cc(767)] eglInitialize SwANGLE failed with error EGL_NOT_INITIALIZED
[47800:67740:0814/141557.574:ERROR:gl_display.cc(801)] Initialization of all EGL display types failed.
[47800:67740:0814/141557.574:ERROR:gl_initializer_win.cc(135)] GLDisplayEGL::Initialize failed.
[47800:67740:0814/141557.575:ERROR:viz_main_impl.cc(166)] Exiting GPU process due to errors during initialization
[68476:49264:0814/141557.888:ERROR:angle_platform_impl.cc(44)] vk_renderer.cpp:180 (rx::vk::(anonymous namespace)::VerifyExtensionsPresent): Extension not supported: VK_KHR_surface
[68476:49264:0814/141557.888:ERROR:angle_platform_impl.cc(44)] vk_renderer.cpp:180 (rx::vk::(anonymous namespace)::VerifyExtensionsPresent): Extension not supported: VK_KHR_win32_surface
[68476:49264:0814/141557.888:ERROR:angle_platform_impl.cc(44)] Display.cpp:1083 (egl::Display::initialize): ANGLE Display::initialize error 0: Internal Vulkan error (-7): A requested extension is not supported, in ..\..\third_party\angle\src\libANGLE\renderer\vulkan\vk_renderer.cpp, rx::vk::Renderer::enableInstanceExtensions:1780.
[68476:49264:0814/141557.888:ERROR:gl_display.cc(497)] EGL Driver message (Critical) eglInitialize: Internal Vulkan error (-7): A requested extension is not supported, in ..\..\third_party\angle\src\libANGLE\renderer\vulkan\vk_renderer.cpp, rx::vk::Renderer::enableInstanceExtensions:1780.
[68476:49264:0814/141557.888:ERROR:gl_display.cc(767)] eglInitialize SwANGLE failed with error EGL_NOT_INITIALIZED
[68476:49264:0814/141557.888:ERROR:gl_display.cc(801)] Initialization of all EGL display types failed.
[68476:49264:0814/141557.888:ERROR:gl_initializer_win.cc(135)] GLDisplayEGL::Initialize failed.
[68476:49264:0814/141557.898:ERROR:angle_platform_impl.cc(44)] vk_renderer.cpp:180 (rx::vk::(anonymous namespace)::VerifyExtensionsPresent): Extension not supported: VK_KHR_surface
[68476:49264:0814/141557.898:ERROR:angle_platform_impl.cc(44)] vk_renderer.cpp:180 (rx::vk::(anonymous namespace)::VerifyExtensionsPresent): Extension not supported: VK_KHR_win32_surface
[68476:49264:0814/141557.898:ERROR:angle_platform_impl.cc(44)] Display.cpp:1083 (egl::Display::initialize): ANGLE Display::initialize error 0: Internal Vulkan error (-7): A requested extension is not supported, in ..\..\third_party\angle\src\libANGLE\renderer\vulkan\vk_renderer.cpp, rx::vk::Renderer::enableInstanceExtensions:1780.
[68476:49264:0814/141557.898:ERROR:gl_display.cc(497)] EGL Driver message (Critical) eglInitialize: Internal Vulkan error (-7): A requested extension is not supported, in ..\..\third_party\angle\src\libANGLE\renderer\vulkan\vk_renderer.cpp, rx::vk::Renderer::enableInstanceExtensions:1780.
[68476:49264:0814/141557.898:ERROR:gl_display.cc(767)] eglInitialize SwANGLE failed with error EGL_NOT_INITIALIZED
[68476:49264:0814/141557.898:ERROR:gl_display.cc(801)] Initialization of all EGL display types failed.
[68476:49264:0814/141557.898:ERROR:gl_initializer_win.cc(135)] GLDisplayEGL::Initialize failed.
[68476:49264:0814/141557.899:ERROR:viz_main_impl.cc(166)] Exiting GPU process due to errors during initialization
[67056:45444:0814/141558.924:ERROR:angle_platform_impl.cc(44)] vk_renderer.cpp:180 (rx::vk::(anonymous namespace)::VerifyExtensionsPresent): Extension not supported: VK_KHR_surface
[67056:45444:0814/141558.924:ERROR:angle_platform_impl.cc(44)] vk_renderer.cpp:180 (rx::vk::(anonymous namespace)::VerifyExtensionsPresent): Extension not supported: VK_KHR_win32_surface
[67056:45444:0814/141558.924:ERROR:angle_platform_impl.cc(44)] Display.cpp:1083 (egl::Display::initialize): ANGLE Display::initialize error 0: Internal Vulkan error (-7): A requested extension is not supported, in ..\..\third_party\angle\src\libANGLE\renderer\vulkan\vk_renderer.cpp, rx::vk::Renderer::enableInstanceExtensions:1780.
[67056:45444:0814/141558.924:ERROR:gl_display.cc(497)] EGL Driver message (Critical) eglInitialize: Internal Vulkan error (-7): A requested extension is not supported, in ..\..\third_party\angle\src\libANGLE\renderer\vulkan\vk_renderer.cpp, rx::vk::Renderer::enableInstanceExtensions:1780.
[67056:45444:0814/141558.924:ERROR:gl_display.cc(767)] eglInitialize SwANGLE failed with error EGL_NOT_INITIALIZED
[67056:45444:0814/141558.925:ERROR:gl_display.cc(801)] Initialization of all EGL display types failed.
[67056:45444:0814/141558.925:ERROR:gl_initializer_win.cc(135)] GLDisplayEGL::Initialize failed.
[67056:45444:0814/141558.934:ERROR:angle_platform_impl.cc(44)] vk_renderer.cpp:180 (rx::vk::(anonymous namespace)::VerifyExtensionsPresent): Extension not supported: VK_KHR_surface
[67056:45444:0814/141558.934:ERROR:angle_platform_impl.cc(44)] vk_renderer.cpp:180 (rx::vk::(anonymous namespace)::VerifyExtensionsPresent): Extension not supported: VK_KHR_win32_surface
[67056:45444:0814/141558.934:ERROR:angle_platform_impl.cc(44)] Display.cpp:1083 (egl::Display::initialize): ANGLE Display::initialize error 0: Internal Vulkan error (-7): A requested extension is not supported, in ..\..\third_party\angle\src\libANGLE\renderer\vulkan\vk_renderer.cpp, rx::vk::Renderer::enableInstanceExtensions:1780.
[67056:45444:0814/141558.934:ERROR:gl_display.cc(497)] EGL Driver message (Critical) eglInitialize: Internal Vulkan error (-7): A requested extension is not supported, in ..\..\third_party\angle\src\libANGLE\renderer\vulkan\vk_renderer.cpp, rx::vk::Renderer::enableInstanceExtensions:1780.
[67056:45444:0814/141558.934:ERROR:gl_display.cc(767)] eglInitialize SwANGLE failed with error EGL_NOT_INITIALIZED
[67056:45444:0814/141558.934:ERROR:gl_display.cc(801)] Initialization of all EGL display types failed.
[67056:45444:0814/141558.934:ERROR:gl_initializer_win.cc(135)] GLDisplayEGL::Initialize failed.
[67056:45444:0814/141558.935:ERROR:viz_main_impl.cc(166)] Exiting GPU process due to errors during initialization
[45696:67892:0814/141559.956:ERROR:angle_platform_impl.cc(44)] vk_renderer.cpp:180 (rx::vk::(anonymous namespace)::VerifyExtensionsPresent): Extension not supported: VK_KHR_surface
[45696:67892:0814/141559.956:ERROR:angle_platform_impl.cc(44)] vk_renderer.cpp:180 (rx::vk::(anonymous namespace)::VerifyExtensionsPresent): Extension not supported: VK_KHR_win32_surface
[45696:67892:0814/141559.956:ERROR:angle_platform_impl.cc(44)] Display.cpp:1083 (egl::Display::initialize): ANGLE Display::initialize error 0: Internal Vulkan error (-7): A requested extension is not supported, in ..\..\third_party\angle\src\libANGLE\renderer\vulkan\vk_renderer.cpp, rx::vk::Renderer::enableInstanceExtensions:1780.
[45696:67892:0814/141559.956:ERROR:gl_display.cc(497)] EGL Driver message (Critical) eglInitialize: Internal Vulkan error (-7): A requested extension is not supported, in ..\..\third_party\angle\src\libANGLE\renderer\vulkan\vk_renderer.cpp, rx::vk::Renderer::enableInstanceExtensions:1780.
[45696:67892:0814/141559.956:ERROR:gl_display.cc(767)] eglInitialize SwANGLE failed with error EGL_NOT_INITIALIZED
[45696:67892:0814/141559.956:ERROR:gl_display.cc(801)] Initialization of all EGL display types failed.
[45696:67892:0814/141559.956:ERROR:gl_initializer_win.cc(135)] GLDisplayEGL::Initialize failed.
[45696:67892:0814/141559.970:ERROR:angle_platform_impl.cc(44)] vk_renderer.cpp:180 (rx::vk::(anonymous namespace)::VerifyExtensionsPresent): Extension not supported: VK_KHR_surface
[45696:67892:0814/141559.970:ERROR:angle_platform_impl.cc(44)] vk_renderer.cpp:180 (rx::vk::(anonymous namespace)::VerifyExtensionsPresent): Extension not supported: VK_KHR_win32_surface
[45696:67892:0814/141559.970:ERROR:angle_platform_impl.cc(44)] Display.cpp:1083 (egl::Display::initialize): ANGLE Display::initialize error 0: Internal Vulkan error (-7): A requested extension is not supported, in ..\..\third_party\angle\src\libANGLE\renderer\vulkan\vk_renderer.cpp, rx::vk::Renderer::enableInstanceExtensions:1780.
[45696:67892:0814/141559.970:ERROR:gl_display.cc(497)] EGL Driver message (Critical) eglInitialize: Internal Vulkan error (-7): A requested extension is not supported, in ..\..\third_party\angle\src\libANGLE\renderer\vulkan\vk_renderer.cpp, rx::vk::Renderer::enableInstanceExtensions:1780.
[45696:67892:0814/141559.970:ERROR:gl_display.cc(767)] eglInitialize SwANGLE failed with error EGL_NOT_INITIALIZED
[45696:67892:0814/141559.970:ERROR:gl_display.cc(801)] Initialization of all EGL display types failed.
[45696:67892:0814/141559.970:ERROR:gl_initializer_win.cc(135)] GLDisplayEGL::Initialize failed.
[45696:67892:0814/141559.971:ERROR:viz_main_impl.cc(166)] Exiting GPU process due to errors during initialization
[68368:44828:0814/141600.013:WARNING:pref_notifier_impl.cc(41)] Pref observer for media_router.cast_allow_all_ips found at shutdown.
